Archive member included to satisfy reference by file (symbol)

C:/ST/STM32CubeIDE_1.14.1/STM32CubeIDE/plugins/com.st.stm32cube.ide.mcu.externaltools.gnu-tools-for-stm32.11.3.rel1.win32_1.1.100.202309141235/tools/bin/../lib/gcc/arm-none-eabi/11.3.1/../../../../arm-none-eabi/lib/thumb/v7-m/nofp\libc_nano.a(libc_a-exit.o)
                              C:/ST/STM32CubeIDE_1.14.1/STM32CubeIDE/plugins/com.st.stm32cube.ide.mcu.externaltools.gnu-tools-for-stm32.11.3.rel1.win32_1.1.100.202309141235/tools/bin/../lib/gcc/arm-none-eabi/11.3.1/../../../../arm-none-eabi/lib/thumb/v7-m/nofp/crt0.o (exit)
C:/ST/STM32CubeIDE_1.14.1/STM32CubeIDE/plugins/com.st.stm32cube.ide.mcu.externaltools.gnu-tools-for-stm32.11.3.rel1.win32_1.1.100.202309141235/tools/bin/../lib/gcc/arm-none-eabi/11.3.1/../../../../arm-none-eabi/lib/thumb/v7-m/nofp\libc_nano.a(libc_a-findfp.o)
                              C:/ST/STM32CubeIDE_1.14.1/STM32CubeIDE/plugins/com.st.stm32cube.ide.mcu.externaltools.gnu-tools-for-stm32.11.3.rel1.win32_1.1.100.202309141235/tools/bin/../lib/gcc/arm-none-eabi/11.3.1/../../../../arm-none-eabi/lib/thumb/v7-m/nofp\libc_nano.a(libc_a-exit.o) (__stdio_exit_handler)
C:/ST/STM32CubeIDE_1.14.1/STM32CubeIDE/plugins/com.st.stm32cube.ide.mcu.externaltools.gnu-tools-for-stm32.11.3.rel1.win32_1.1.100.202309141235/tools/bin/../lib/gcc/arm-none-eabi/11.3.1/../../../../arm-none-eabi/lib/thumb/v7-m/nofp\libc_nano.a(libc_a-fwalk.o)
                              C:/ST/STM32CubeIDE_1.14.1/STM32CubeIDE/plugins/com.st.stm32cube.ide.mcu.externaltools.gnu-tools-for-stm32.11.3.rel1.win32_1.1.100.202309141235/tools/bin/../lib/gcc/arm-none-eabi/11.3.1/../../../../arm-none-eabi/lib/thumb/v7-m/nofp\libc_nano.a(libc_a-findfp.o) (_fwalk_sglue)
C:/ST/STM32CubeIDE_1.14.1/STM32CubeIDE/plugins/com.st.stm32cube.ide.mcu.externaltools.gnu-tools-for-stm32.11.3.rel1.win32_1.1.100.202309141235/tools/bin/../lib/gcc/arm-none-eabi/11.3.1/../../../../arm-none-eabi/lib/thumb/v7-m/nofp\libc_nano.a(libc_a-sprintf.o)
                              ./Core/Src/lcd.o (sprintf)
C:/ST/STM32CubeIDE_1.14.1/STM32CubeIDE/plugins/com.st.stm32cube.ide.mcu.externaltools.gnu-tools-for-stm32.11.3.rel1.win32_1.1.100.202309141235/tools/bin/../lib/gcc/arm-none-eabi/11.3.1/../../../../arm-none-eabi/lib/thumb/v7-m/nofp\libc_nano.a(libc_a-stdio.o)
                              C:/ST/STM32CubeIDE_1.14.1/STM32CubeIDE/plugins/com.st.stm32cube.ide.mcu.externaltools.gnu-tools-for-stm32.11.3.rel1.win32_1.1.100.202309141235/tools/bin/../lib/gcc/arm-none-eabi/11.3.1/../../../../arm-none-eabi/lib/thumb/v7-m/nofp\libc_nano.a(libc_a-findfp.o) (__sread)
C:/ST/STM32CubeIDE_1.14.1/STM32CubeIDE/plugins/com.st.stm32cube.ide.mcu.externaltools.gnu-tools-for-stm32.11.3.rel1.win32_1.1.100.202309141235/tools/bin/../lib/gcc/arm-none-eabi/11.3.1/../../../../arm-none-eabi/lib/thumb/v7-m/nofp\libc_nano.a(libc_a-memset.o)
                              C:/ST/STM32CubeIDE_1.14.1/STM32CubeIDE/plugins/com.st.stm32cube.ide.mcu.externaltools.gnu-tools-for-stm32.11.3.rel1.win32_1.1.100.202309141235/tools/bin/../lib/gcc/arm-none-eabi/11.3.1/../../../../arm-none-eabi/lib/thumb/v7-m/nofp/crt0.o (memset)
C:/ST/STM32CubeIDE_1.14.1/STM32CubeIDE/plugins/com.st.stm32cube.ide.mcu.externaltools.gnu-tools-for-stm32.11.3.rel1.win32_1.1.100.202309141235/tools/bin/../lib/gcc/arm-none-eabi/11.3.1/../../../../arm-none-eabi/lib/thumb/v7-m/nofp\libc_nano.a(libc_a-closer.o)
                              C:/ST/STM32CubeIDE_1.14.1/STM32CubeIDE/plugins/com.st.stm32cube.ide.mcu.externaltools.gnu-tools-for-stm32.11.3.rel1.win32_1.1.100.202309141235/tools/bin/../lib/gcc/arm-none-eabi/11.3.1/../../../../arm-none-eabi/lib/thumb/v7-m/nofp\libc_nano.a(libc_a-stdio.o) (_close_r)
C:/ST/STM32CubeIDE_1.14.1/STM32CubeIDE/plugins/com.st.stm32cube.ide.mcu.externaltools.gnu-tools-for-stm32.11.3.rel1.win32_1.1.100.202309141235/tools/bin/../lib/gcc/arm-none-eabi/11.3.1/../../../../arm-none-eabi/lib/thumb/v7-m/nofp\libc_nano.a(libc_a-reent.o)
                              C:/ST/STM32CubeIDE_1.14.1/STM32CubeIDE/plugins/com.st.stm32cube.ide.mcu.externaltools.gnu-tools-for-stm32.11.3.rel1.win32_1.1.100.202309141235/tools/bin/../lib/gcc/arm-none-eabi/11.3.1/../../../../arm-none-eabi/lib/thumb/v7-m/nofp\libc_nano.a(libc_a-closer.o) (errno)
C:/ST/STM32CubeIDE_1.14.1/STM32CubeIDE/plugins/com.st.stm32cube.ide.mcu.externaltools.gnu-tools-for-stm32.11.3.rel1.win32_1.1.100.202309141235/tools/bin/../lib/gcc/arm-none-eabi/11.3.1/../../../../arm-none-eabi/lib/thumb/v7-m/nofp\libc_nano.a(libc_a-impure.o)
                              C:/ST/STM32CubeIDE_1.14.1/STM32CubeIDE/plugins/com.st.stm32cube.ide.mcu.externaltools.gnu-tools-for-stm32.11.3.rel1.win32_1.1.100.202309141235/tools/bin/../lib/gcc/arm-none-eabi/11.3.1/../../../../arm-none-eabi/lib/thumb/v7-m/nofp\libc_nano.a(libc_a-sprintf.o) (_impure_ptr)
[...]
Memory Configuration

Name             Origin             Length             Attributes
RAM              0x0000000020000000 0x0000000000005000 xrw
FLASH            0x0000000008000000 0x0000000000010000 xr
*default*        0x0000000000000000 0xffffffffffffffff

Linker script and memory map

LOAD C:/ST/STM32CubeIDE_1.14.1/STM32CubeIDE/plugins/com.st.stm32cube.ide.mcu.externaltools.gnu-tools-for-stm32.11.3.rel1.win32_1.1.100.202309141235/tools/bin/../lib/gcc/arm-none-eabi/11.3.1/thumb/v7-m/nofp/crti.o
LOAD C:/ST/STM32CubeIDE_1.14.1/STM32CubeIDE/plugins/com.st.stm32cube.ide.mcu.externaltools.gnu-tools-for-stm32.11.3.rel1.win32_1.1.100.202309141235/tools/bin/../lib/gcc/arm-none-eabi/11.3.1/thumb/v7-m/nofp/crtbegin.o
LOAD C:/ST/STM32CubeIDE_1.14.1/STM32CubeIDE/plugins/com.st.stm32cube.ide.mcu.externaltools.gnu-tools-for-stm32.11.3.rel1.win32_1.1.100.202309141235/tools/bin/../lib/gcc/arm-none-eabi/11.3.1/../../../../arm-none-eabi/lib/thumb/v7-m/nofp/crt0.o
LOAD ./Core/Src/Base_de_Datos.o
LOAD ./Core/Src/Funcion_Delay.o
LOAD ./Core/Src/Homing.o
LOAD ./Core/Src/Manejo_Interrupciones.o
LOAD ./Core/Src/Matriz.o
LOAD ./Core/Src/Movimiento_Motores.o
LOAD ./Core/Src/Movimiento_Servo.o
LOAD ./Core/Src/Texto.o
LOAD ./Core/Src/lcd.o
LOAD ./Core/Src/main.o
LOAD ./Core/Src/stm32f1xx_hal_msp.o
LOAD ./Core/Src/stm32f1xx_it.o
LOAD ./Core/Src/syscalls.o
LOAD ./Core/Src/sysmem.o
LOAD ./Core/Src/system_stm32f1xx.o
LOAD ./Core/Startup/startup_stm32f103c8tx.o
LOAD ./Drivers/STM32F1xx_HAL_Driver/Src/stm32f1xx_hal.o
LOAD ./Drivers/STM32F1xx_HAL_Driver/Src/stm32f1xx_hal_cortex.o
LOAD ./Drivers/STM32F1xx_HAL_Driver/Src/stm32f1xx_hal_dma.o
LOAD ./Drivers/STM32F1xx_HAL_Driver/Src/stm32f1xx_hal_exti.o
LOAD ./Drivers/STM32F1xx_HAL_Driver/Src/stm32f1xx_hal_flash.o
LOAD ./Drivers/STM32F1xx_HAL_Driver/Src/stm32f1xx_hal_flash_ex.o
LOAD ./Drivers/STM32F1xx_HAL_Driver/Src/stm32f1xx_hal_gpio.o
LOAD ./Drivers/STM32F1xx_HAL_Driver/Src/stm32f1xx_hal_gpio_ex.o
LOAD ./Drivers/STM32F1xx_HAL_Driver/Src/stm32f1xx_hal_pwr.o
LOAD ./Drivers/STM32F1xx_HAL_Driver/Src/stm32f1xx_hal_rcc.o
LOAD ./Drivers/STM32F1xx_HAL_Driver/Src/stm32f1xx_hal_rcc_ex.o
LOAD ./Drivers/STM32F1xx_HAL_Driver/Src/stm32f1xx_hal_tim.o
LOAD ./Drivers/STM32F1xx_HAL_Driver/Src/stm32f1xx_hal_tim_ex.o
START GROUP
LOAD C:/ST/STM32CubeIDE_1.14.1/STM32CubeIDE/plugins/com.st.stm32cube.ide.mcu.externaltools.gnu-tools-for-stm32.11.3.rel1.win32_1.1.100.202309141235/tools/bin/../lib/gcc/arm-none-eabi/11.3.1/../../../../arm-none-eabi/lib/thumb/v7-m/nofp\libc_nano.a
LOAD C:/ST/STM32CubeIDE_1.14.1/STM32CubeIDE/plugins/com.st.stm32cube.ide.mcu.externaltools.gnu-tools-for-stm32.11.3.rel1.win32_1.1.100.202309141235/tools/bin/../lib/gcc/arm-none-eabi/11.3.1/../../../../arm-none-eabi/lib/thumb/v7-m/nofp\libm.a
END GROUP
START GROUP
LOAD C:/ST/STM32CubeIDE_1.14.1/STM32CubeIDE/plugins/com.st.stm32cube.ide.mcu.externaltools.gnu-tools-for-stm32.11.3.rel1.win32_1.1.100.202309141235/tools/bin/../lib/gcc/arm-none-eabi/11.3.1/thumb/v7-m/nofp\libgcc.a
LOAD C:/ST/STM32CubeIDE_1.14.1/STM32CubeIDE/plugins/com.st.stm32cube.ide.mcu.externaltools.gnu-tools-for-stm32.11.3.rel1.win32_1.1.100.202309141235/tools/bin/../lib/gcc/arm-none-eabi/11.3.1/../../../../arm-none-eabi/lib/thumb/v7-m/nofp\libc_nano.a
END GROUP
START GROUP
LOAD C:/ST/STM32CubeIDE_1.14.1/STM32CubeIDE/plugins/com.st.stm32cube.ide.mcu.externaltools.gnu-tools-for-stm32.11.3.rel1.win32_1.1.100.202309141235/tools/bin/../lib/gcc/arm-none-eabi/11.3.1/thumb/v7-m/nofp\libgcc.a
LOAD C:/ST/STM32CubeIDE_1.14.1/STM32CubeIDE/plugins/com.st.stm32cube.ide.mcu.externaltools.gnu-tools-for-stm32.11.3.rel1.win32_1.1.100.202309141235/tools/bin/../lib/gcc/arm-none-eabi/11.3.1/../../../../arm-none-eabi/lib/thumb/v7-m/nofp\libc_nano.a
LOAD C:/ST/STM32CubeIDE_1.14.1/STM32CubeIDE/plugins/com.st.stm32cube.ide.mcu.externaltools.gnu-tools-for-stm32.11.3.rel1.win32_1.1.100.202309141235/tools/bin/../lib/gcc/arm-none-eabi/11.3.1/../../../../arm-none-eabi/lib/thumb/v7-m/nofp\libnosys.a
END GROUP
START GROUP
LOAD C:/ST/STM32CubeIDE_1.14.1/STM32CubeIDE/plugins/com.st.stm32cube.ide.mcu.externaltools.gnu-tools-for-stm32.11.3.rel1.win32_1.1.100.202309141235/tools/bin/../lib/gcc/arm-none-eabi/11.3.1/thumb/v7-m/nofp\libgcc.a
LOAD C:/ST/STM32CubeIDE_1.14.1/STM32CubeIDE/plugins/com.st.stm32cube.ide.mcu.externaltools.gnu-tools-for-stm32.11.3.rel1.win32_1.1.100.202309141235/tools/bin/../lib/gcc/arm-none-eabi/11.3.1/../../../../arm-none-eabi/lib/thumb/v7-m/nofp\libc_nano.a
LOAD C:/ST/STM32CubeIDE_1.14.1/STM32CubeIDE/plugins/com.st.stm32cube.ide.mcu.externaltools.gnu-tools-for-stm32.11.3.rel1.win32_1.1.100.202309141235/tools/bin/../lib/gcc/arm-none-eabi/11.3.1/../../../../arm-none-eabi/lib/thumb/v7-m/nofp\libnosys.a
END GROUP
LOAD C:/ST/STM32CubeIDE_1.14.1/STM32CubeIDE/plugins/com.st.stm32cube.ide.mcu.externaltools.gnu-tools-for-stm32.11.3.rel1.win32_1.1.100.202309141235/tools/bin/../lib/gcc/arm-none-eabi/11.3.1/thumb/v7-m/nofp/crtend.o
LOAD C:/ST/STM32CubeIDE_1.14.1/STM32CubeIDE/plugins/com.st.stm32cube.ide.mcu.externaltools.gnu-tools-for-stm32.11.3.rel1.win32_1.1.100.202309141235/tools/bin/../lib/gcc/arm-none-eabi/11.3.1/thumb/v7-m/nofp/crtn.o
                0x0000000020005000                _estack = (ORIGIN (RAM) + LENGTH (RAM))
                0x0000000000000200                _Min_Heap_Size = 0x200
                0x0000000000000400                _Min_Stack_Size = 0x400

.isr_vector     0x0000000008000000      0x10c
                0x0000000008000000                . = ALIGN (0x4)
 *(.isr_vector)
 .isr_vector    0x0000000008000000      0x10c ./Core/Startup/startup_stm32f103c8tx.o
                0x0000000008000000                g_pfnVectors
                0x000000000800010c                . = ALIGN (0x4)

.text           0x000000000800010c     0x57a0
                0x000000000800010c                . = ALIGN (0x4)
 *(.text)
 .text          0x000000000800010c       0x40 C:/ST/STM32CubeIDE_1.14.1/STM32CubeIDE/plugins/com.st.stm32cube.ide.mcu.externaltools.gnu-tools-for-stm32.11.3.rel1.win32_1.1.100.202309141235/tools/bin/../lib/gcc/arm-none-eabi/11.3.1/thumb/v7-m/nofp/crtbegin.o
 .text          0x000000000800014c       0x10 C:/ST/STM32CubeIDE_1.14.1/STM32CubeIDE/plugins/com.st.stm32cube.ide.mcu.externaltools.gnu-tools-for-stm32.11.3.rel1.win32_1.1.100.202309141235/tools/bin/../lib/gcc/arm-none-eabi/11.3.1/../../../../arm-none-eabi/lib/thumb/v7-m/nofp\libc_nano.a(libc_a-strlen.o)
                0x000000000800014c                strlen
 *(.text*)
 .text.Base_de_Datos
                0x000000000800015c      0xce0 ./Core/Src/Base_de_Datos.o
                0x000000000800015c                Base_de_Datos
 .text.__NVIC_EnableIRQ
                0x0000000008000e3c       0x38 ./Core/Src/Homing.o
 .text.__NVIC_DisableIRQ
                0x0000000008000e74       0x48 ./Core/Src/Homing.o
 .text.Homing   0x0000000008000ebc      0x1c4 ./Core/Src/Homing.o
                0x0000000008000ebc                Homing
 .text.Manejo_Interrupciones
                0x0000000008001080      0x8f4 ./Core/Src/Manejo_Interrupciones.o
                0x0000000008001080                Manejo_Interrupciones
 .text.Armado_Matriz
                0x0000000008001974      0x1a0 ./Core/Src/Matriz.o
                0x0000000008001974                Armado_Matriz
 .text.Movimiento_Matriz
                0x0000000008001b14      0x474 ./Core/Src/Matriz.o
                0x0000000008001b14                Movimiento_Matriz
 .text.Movimiento_Motores
                0x0000000008001f88      0x100 ./Core/Src/Movimiento_Motores.o
                0x0000000008001f88                Movimiento_Motores
 .text.Movimiento_Servo
                0x0000000008002088       0x8c ./Core/Src/Movimiento_Servo.o
                0x0000000008002088                Movimiento_Servo
 .text.Texto    0x0000000008002114      0x3dc ./Core/Src/Texto.o
                0x0000000008002114                Texto
 .text.Lcd_create
                0x00000000080024f0       0x56 ./Core/Src/lcd.o
                0x00000000080024f0                Lcd_create
 .text.Lcd_init
                0x0000000008002546       0x52 ./Core/Src/lcd.o
                0x0000000008002546                Lcd_init
 .text.Lcd_int  0x0000000008002598       0x30 ./Core/Src/lcd.o
                0x0000000008002598                Lcd_int
 .text.Lcd_string
                0x00000000080025c8       0x3e ./Core/Src/lcd.o
                0x00000000080025c8                Lcd_string
 *fill*         0x0000000008002606        0x2 
 .text.Lcd_cursor
                0x0000000008002608       0x34 ./Core/Src/lcd.o
                0x0000000008002608                Lcd_cursor
 .text.Lcd_clear
                0x000000000800263c       0x18 ./Core/Src/lcd.o
                0x000000000800263c                Lcd_clear
 .text.lcd_write_command
                0x0000000008002654       0x5c ./Core/Src/lcd.o
 .text.lcd_write_data
                0x00000000080026b0       0x5c ./Core/Src/lcd.o
 .text.lcd_write
                0x000000000800270c       0x80 ./Core/Src/lcd.o
 .text.main     0x000000000800278c      0x1e0 ./Core/Src/main.o
                0x000000000800278c                main
 .text.SystemClock_Config
                0x000000000800296c       0x8a ./Core/Src/main.o
                0x000000000800296c                SystemClock_Config
 *fill*         0x00000000080029f6        0x2 
 .text.MX_TIM2_Init
                0x00000000080029f8       0xec ./Core/Src/main.o
 .text.MX_TIM4_Init
                0x0000000008002ae4       0x9c ./Core/Src/main.o
 .text.MX_GPIO_Init
                0x0000000008002b80      0x160 ./Core/Src/main.o
 .text.HAL_GPIO_EXTI_Callback
                0x0000000008002ce0      0x208 ./Core/Src/main.o
                0x0000000008002ce0                HAL_GPIO_EXTI_Callback
 .text.HAL_TIM_PeriodElapsedCallback
                0x0000000008002ee8       0x2c ./Core/Src/main.o
                0x0000000008002ee8                HAL_TIM_PeriodElapsedCallback
 .text.Error_Handler
                0x0000000008002f14        0xa ./Core/Src/main.o
                0x0000000008002f14                Error_Handler
 *fill*         0x0000000008002f1e        0x2 
 .text.HAL_MspInit
                0x0000000008002f20       0x64 ./Core/Src/stm32f1xx_hal_msp.o
                0x0000000008002f20                HAL_MspInit
 .text.HAL_TIM_Base_MspInit
                0x0000000008002f84       0x70 ./Core/Src/stm32f1xx_hal_msp.o
                0x0000000008002f84                HAL_TIM_Base_MspInit
 .text.HAL_TIM_MspPostInit
                0x0000000008002ff4       0x60 ./Core/Src/stm32f1xx_hal_msp.o
                0x0000000008002ff4                HAL_TIM_MspPostInit
 .text.NMI_Handler
                0x0000000008003054        0x6 ./Core/Src/stm32f1xx_it.o
                0x0000000008003054                NMI_Handler
 .text.HardFault_Handler
                0x000000000800305a        0x6 ./Core/Src/stm32f1xx_it.o
                0x000000000800305a                HardFault_Handler
 .text.MemManage_Handler
                0x0000000008003060        0x6 ./Core/Src/stm32f1xx_it.o
                0x0000000008003060                MemManage_Handler
 .text.BusFault_Handler
                0x0000000008003066        0x6 ./Core/Src/stm32f1xx_it.o
                0x0000000008003066                BusFault_Handler
 .text.UsageFault_Handler
                0x000000000800306c        0x6 ./Core/Src/stm32f1xx_it.o
                0x000000000800306c                UsageFault_Handler
 .text.SVC_Handler
                0x0000000008003072        0xc ./Core/Src/stm32f1xx_it.o
                0x0000000008003072                SVC_Handler
 .text.DebugMon_Handler
                0x000000000800307e        0xc ./Core/Src/stm32f1xx_it.o
                0x000000000800307e                DebugMon_Handler
 .text.PendSV_Handler
                0x000000000800308a        0xc ./Core/Src/stm32f1xx_it.o
                0x000000000800308a                PendSV_Handler
 .text.SysTick_Handler
                0x0000000008003096        0xc ./Core/Src/stm32f1xx_it.o
                0x0000000008003096                SysTick_Handler
 .text.EXTI9_5_IRQHandler
                0x00000000080030a2       0x14 ./Core/Src/stm32f1xx_it.o
                0x00000000080030a2                EXTI9_5_IRQHandler
 *fill*         0x00000000080030b6        0x2 
 .text.TIM4_IRQHandler
                0x00000000080030b8       0x14 ./Core/Src/stm32f1xx_it.o
                0x00000000080030b8                TIM4_IRQHandler
 .text.EXTI15_10_IRQHandler
                0x00000000080030cc       0x28 ./Core/Src/stm32f1xx_it.o
                0x00000000080030cc                EXTI15_10_IRQHandler
 .text._sbrk    0x00000000080030f4       0x6c ./Core/Src/sysmem.o
                0x00000000080030f4                _sbrk
 .text.SystemInit
                0x0000000008003160        0xc ./Core/Src/system_stm32f1xx.o
                0x0000000008003160                SystemInit
 .text.Reset_Handler
                0x000000000800316c       0x48 ./Core/Startup/startup_stm32f103c8tx.o
                0x000000000800316c                Reset_Handler
 .text.Default_Handler
                0x00000000080031b4        0x2 ./Core/Startup/startup_stm32f103c8tx.o
                0x00000000080031b4                RTC_Alarm_IRQHandler
                0x00000000080031b4                EXTI2_IRQHandler
                0x00000000080031b4                TIM1_CC_IRQHandler
                0x00000000080031b4                PVD_IRQHandler
                0x00000000080031b4                EXTI3_IRQHandler
                0x00000000080031b4                EXTI0_IRQHandler
                0x00000000080031b4                I2C2_EV_IRQHandler
                0x00000000080031b4                ADC1_2_IRQHandler
                0x00000000080031b4                SPI1_IRQHandler
                0x00000000080031b4                TAMPER_IRQHandler
                0x00000000080031b4                DMA1_Channel4_IRQHandler
                0x00000000080031b4                USART3_IRQHandler
                0x00000000080031b4                RTC_IRQHandler
                0x00000000080031b4                DMA1_Channel7_IRQHandler
                0x00000000080031b4                CAN1_RX1_IRQHandler
                0x00000000080031b4                I2C1_EV_IRQHandler
                0x00000000080031b4                DMA1_Channel6_IRQHandler
                0x00000000080031b4                TIM3_IRQHandler
                0x00000000080031b4                RCC_IRQHandler
                0x00000000080031b4                TIM1_TRG_COM_IRQHandler
                0x00000000080031b4                DMA1_Channel1_IRQHandler
                0x00000000080031b4                Default_Handler
                0x00000000080031b4                SPI2_IRQHandler
                0x00000000080031b4                DMA1_Channel5_IRQHandler
                0x00000000080031b4                EXTI4_IRQHandler
                0x00000000080031b4                USB_LP_CAN1_RX0_IRQHandler
                0x00000000080031b4                USB_HP_CAN1_TX_IRQHandler
                0x00000000080031b4                DMA1_Channel3_IRQHandler
                0x00000000080031b4                TIM1_UP_IRQHandler
                0x00000000080031b4                WWDG_IRQHandler
                0x00000000080031b4                TIM2_IRQHandler
                0x00000000080031b4                TIM1_BRK_IRQHandler
                0x00000000080031b4                EXTI1_IRQHandler
                0x00000000080031b4                USART2_IRQHandler
                0x00000000080031b4                I2C2_ER_IRQHandler
                0x00000000080031b4                DMA1_Channel2_IRQHandler
                0x00000000080031b4                CAN1_SCE_IRQHandler
                0x00000000080031b4                FLASH_IRQHandler
                0x00000000080031b4                USART1_IRQHandler
                0x00000000080031b4                I2C1_ER_IRQHandler
                0x00000000080031b4                USBWakeUp_IRQHandler
 *fill*         0x00000000080031b6        0x2 
 .text.HAL_Init
                0x00000000080031b8       0x2c ./Drivers/STM32F1xx_HAL_Driver/Src/stm32f1xx_hal.o
                0x00000000080031b8                HAL_Init
 .text.HAL_InitTick
                0x00000000080031e4       0x60 ./Drivers/STM32F1xx_HAL_Driver/Src/stm32f1xx_hal.o
                0x00000000080031e4                HAL_InitTick
 .text.HAL_IncTick
                0x0000000008003244       0x24 ./Drivers/STM32F1xx_HAL_Driver/Src/stm32f1xx_hal.o
                0x0000000008003244                HAL_IncTick
 .text.HAL_GetTick
                0x0000000008003268       0x14 ./Drivers/STM32F1xx_HAL_Driver/Src/stm32f1xx_hal.o
                0x0000000008003268                HAL_GetTick
 .text.HAL_Delay
                0x000000000800327c       0x48 ./Drivers/STM32F1xx_HAL_Driver/Src/stm32f1xx_hal.o
                0x000000000800327c                HAL_Delay
 .text.__NVIC_SetPriorityGrouping
                0x00000000080032c4       0x48 ./Drivers/STM32F1xx_HAL_Driver/Src/stm32f1xx_hal_cortex.o
 .text.__NVIC_GetPriorityGrouping
                0x000000000800330c       0x1c ./Drivers/STM32F1xx_HAL_Driver/Src/stm32f1xx_hal_cortex.o
 .text.__NVIC_EnableIRQ
                0x0000000008003328       0x38 ./Drivers/STM32F1xx_HAL_Driver/Src/stm32f1xx_hal_cortex.o
 .text.__NVIC_SetPriority
                0x0000000008003360       0x54 ./Drivers/STM32F1xx_HAL_Driver/Src/stm32f1xx_hal_cortex.o
 .text.NVIC_EncodePriority
                0x00000000080033b4       0x64 ./Drivers/STM32F1xx_HAL_Driver/Src/stm32f1xx_hal_cortex.o
 .text.SysTick_Config
                0x0000000008003418       0x44 ./Drivers/STM32F1xx_HAL_Driver/Src/stm32f1xx_hal_cortex.o
 .text.HAL_NVIC_SetPriorityGrouping
                0x000000000800345c       0x16 ./Drivers/STM32F1xx_HAL_Driver/Src/stm32f1xx_hal_cortex.o
                0x000000000800345c                HAL_NVIC_SetPriorityGrouping
 .text.HAL_NVIC_SetPriority
                0x0000000008003472       0x38 ./Drivers/STM32F1xx_HAL_Driver/Src/stm32f1xx_hal_cortex.o
                0x0000000008003472                HAL_NVIC_SetPriority
 .text.HAL_NVIC_EnableIRQ
                0x00000000080034aa       0x1c ./Drivers/STM32F1xx_HAL_Driver/Src/stm32f1xx_hal_cortex.o
                0x00000000080034aa                HAL_NVIC_EnableIRQ
 .text.HAL_SYSTICK_Config
                0x00000000080034c6       0x18 ./Drivers/STM32F1xx_HAL_Driver/Src/stm32f1xx_hal_cortex.o
                0x00000000080034c6                HAL_SYSTICK_Config
 *fill*         0x00000000080034de        0x2 
 .text.HAL_GPIO_Init
                0x00000000080034e0      0x308 ./Drivers/STM32F1xx_HAL_Driver/Src/stm32f1xx_hal_gpio.o
                0x00000000080034e0                HAL_GPIO_Init
 .text.HAL_GPIO_ReadPin
                0x00000000080037e8       0x2e ./Drivers/STM32F1xx_HAL_Driver/Src/stm32f1xx_hal_gpio.o
                0x00000000080037e8                HAL_GPIO_ReadPin
 .text.HAL_GPIO_WritePin
                0x0000000008003816       0x30 ./Drivers/STM32F1xx_HAL_Driver/Src/stm32f1xx_hal_gpio.o
                0x0000000008003816                HAL_GPIO_WritePin
 .text.HAL_GPIO_TogglePin
                0x0000000008003846       0x32 ./Drivers/STM32F1xx_HAL_Driver/Src/stm32f1xx_hal_gpio.o
                0x0000000008003846                HAL_GPIO_TogglePin
 .text.HAL_GPIO_EXTI_IRQHandler
                0x0000000008003878       0x30 ./Drivers/STM32F1xx_HAL_Driver/Src/stm32f1xx_hal_gpio.o
                0x0000000008003878                HAL_GPIO_EXTI_IRQHandler
 .text.HAL_RCC_OscConfig
                0x00000000080038a8      0x504 ./Drivers/STM32F1xx_HAL_Driver/Src/stm32f1xx_hal_rcc.o
                0x00000000080038a8                HAL_RCC_OscConfig
 .text.HAL_RCC_ClockConfig
                0x0000000008003dac      0x1d4 ./Drivers/STM32F1xx_HAL_Driver/Src/stm32f1xx_hal_rcc.o
                0x0000000008003dac                HAL_RCC_ClockConfig
 .text.HAL_RCC_GetSysClockFreq
                0x0000000008003f80       0xa8 ./Drivers/STM32F1xx_HAL_Driver/Src/stm32f1xx_hal_rcc.o
                0x0000000008003f80                HAL_RCC_GetSysClockFreq
 .text.RCC_Delay
                0x0000000008004028       0x3c ./Drivers/STM32F1xx_HAL_Driver/Src/stm32f1xx_hal_rcc.o
 .text.HAL_TIM_Base_Init
                0x0000000008004064       0x9e ./Drivers/STM32F1xx_HAL_Driver/Src/stm32f1xx_hal_tim.o
                0x0000000008004064                HAL_TIM_Base_Init
 *fill*         0x0000000008004102        0x2 
 .text.HAL_TIM_Base_Start_IT
                0x0000000008004104       0xa4 ./Drivers/STM32F1xx_HAL_Driver/Src/stm32f1xx_hal_tim.o
                0x0000000008004104                HAL_TIM_Base_Start_IT
 .text.HAL_TIM_PWM_Init
                0x00000000080041a8       0x9e ./Drivers/STM32F1xx_HAL_Driver/Src/stm32f1xx_hal_tim.o
                0x00000000080041a8                HAL_TIM_PWM_Init
 .text.HAL_TIM_PWM_MspInit
                0x0000000008004246       0x12 ./Drivers/STM32F1xx_HAL_Driver/Src/stm32f1xx_hal_tim.o
                0x0000000008004246                HAL_TIM_PWM_MspInit
 .text.HAL_TIM_PWM_Start
                0x0000000008004258      0x144 ./Drivers/STM32F1xx_HAL_Driver/Src/stm32f1xx_hal_tim.o
                0x0000000008004258                HAL_TIM_PWM_Start
 .text.HAL_TIM_IRQHandler
                0x000000000800439c      0x210 ./Drivers/STM32F1xx_HAL_Driver/Src/stm32f1xx_hal_tim.o
                0x000000000800439c                HAL_TIM_IRQHandler
 .text.HAL_TIM_PWM_ConfigChannel
                0x00000000080045ac      0x184 ./Drivers/STM32F1xx_HAL_Driver/Src/stm32f1xx_hal_tim.o
                0x00000000080045ac                HAL_TIM_PWM_ConfigChannel
 .text.HAL_TIM_ConfigClockSource
                0x0000000008004730      0x18e ./Drivers/STM32F1xx_HAL_Driver/Src/stm32f1xx_hal_tim.o
                0x0000000008004730                HAL_TIM_ConfigClockSource
 .text.HAL_TIM_OC_DelayElapsedCallback
                0x00000000080048be       0x12 ./Drivers/STM32F1xx_HAL_Driver/Src/stm32f1xx_hal_tim.o
                0x00000000080048be                HAL_TIM_OC_DelayElapsedCallback
 .text.HAL_TIM_IC_CaptureCallback
                0x00000000080048d0       0x12 ./Drivers/STM32F1xx_HAL_Driver/Src/stm32f1xx_hal_tim.o
                0x00000000080048d0                HAL_TIM_IC_CaptureCallback
 .text.HAL_TIM_PWM_PulseFinishedCallback
                0x00000000080048e2       0x12 ./Drivers/STM32F1xx_HAL_Driver/Src/stm32f1xx_hal_tim.o
                0x00000000080048e2                HAL_TIM_PWM_PulseFinishedCallback
 .text.HAL_TIM_TriggerCallback
                0x00000000080048f4       0x12 ./Drivers/STM32F1xx_HAL_Driver/Src/stm32f1xx_hal_tim.o
                0x00000000080048f4                HAL_TIM_TriggerCallback
 *fill*         0x0000000008004906        0x2 
 .text.TIM_Base_SetConfig
                0x0000000008004908       0xc4 ./Drivers/STM32F1xx_HAL_Driver/Src/stm32f1xx_hal_tim.o
                0x0000000008004908                TIM_Base_SetConfig
 .text.TIM_OC1_SetConfig
                0x00000000080049cc       0xcc ./Drivers/STM32F1xx_HAL_Driver/Src/stm32f1xx_hal_tim.o
 .text.TIM_OC2_SetConfig
                0x0000000008004a98       0xd4 ./Drivers/STM32F1xx_HAL_Driver/Src/stm32f1xx_hal_tim.o
                0x0000000008004a98                TIM_OC2_SetConfig
 .text.TIM_OC3_SetConfig
                0x0000000008004b6c       0xd4 ./Drivers/STM32F1xx_HAL_Driver/Src/stm32f1xx_hal_tim.o
 .text.TIM_OC4_SetConfig
                0x0000000008004c40       0x9c ./Drivers/STM32F1xx_HAL_Driver/Src/stm32f1xx_hal_tim.o
 .text.TIM_TI1_ConfigInputStage
                0x0000000008004cdc       0x5c ./Drivers/STM32F1xx_HAL_Driver/Src/stm32f1xx_hal_tim.o
 .text.TIM_TI2_ConfigInputStage
                0x0000000008004d38       0x5e ./Drivers/STM32F1xx_HAL_Driver/Src/stm32f1xx_hal_tim.o
 .text.TIM_ITRx_SetConfig
                0x0000000008004d96       0x34 ./Drivers/STM32F1xx_HAL_Driver/Src/stm32f1xx_hal_tim.o
 .text.TIM_ETR_SetConfig
                0x0000000008004dca       0x3e ./Drivers/STM32F1xx_HAL_Driver/Src/stm32f1xx_hal_tim.o
                0x0000000008004dca                TIM_ETR_SetConfig
 .text.TIM_CCxChannelCmd
                0x0000000008004e08       0x48 ./Drivers/STM32F1xx_HAL_Driver/Src/stm32f1xx_hal_tim.o
                0x0000000008004e08                TIM_CCxChannelCmd
 .text.HAL_TIMEx_MasterConfigSynchronization
                0x0000000008004e50       0xbc ./Drivers/STM32F1xx_HAL_Driver/Src/stm32f1xx_hal_tim_ex.o
                0x0000000008004e50                HAL_TIMEx_MasterConfigSynchronization
 .text.HAL_TIMEx_CommutCallback
                0x0000000008004f0c       0x12 ./Drivers/STM32F1xx_HAL_Driver/Src/stm32f1xx_hal_tim_ex.o
                0x0000000008004f0c                HAL_TIMEx_CommutCallback
 .text.HAL_TIMEx_BreakCallback
                0x0000000008004f1e       0x12 ./Drivers/STM32F1xx_HAL_Driver/Src/stm32f1xx_hal_tim_ex.o
                0x0000000008004f1e                HAL_TIMEx_BreakCallback
 .text.sprintf  0x0000000008004f30       0x40 C:/ST/STM32CubeIDE_1.14.1/STM32CubeIDE/plugins/com.st.stm32cube.ide.mcu.externaltools.gnu-tools-for-stm32.11.3.rel1.win32_1.1.100.202309141235/tools/bin/../lib/gcc/arm-none-eabi/11.3.1/../../../../arm-none-eabi/lib/thumb/v7-m/nofp\libc_nano.a(libc_a-sprintf.o)
                0x0000000008004f30                siprintf
                0x0000000008004f30                sprintf
 .text.memset   0x0000000008004f70       0x10 C:/ST/STM32CubeIDE_1.14.1/STM32CubeIDE/plugins/com.st.stm32cube.ide.mcu.externaltools.gnu-tools-for-stm32.11.3.rel1.win32_1.1.100.202309141235/tools/bin/../lib/gcc/arm-none-eabi/11.3.1/../../../../arm-none-eabi/lib/thumb/v7-m/nofp\libc_nano.a(libc_a-memset.o)
                0x0000000008004f70                memset
 .text.__errno  0x0000000008004f80        0xc C:/ST/STM32CubeIDE_1.14.1/STM32CubeIDE/plugins/com.st.stm32cube.ide.mcu.externaltools.gnu-tools-for-stm32.11.3.rel1.win32_1.1.100.202309141235/tools/bin/../lib/gcc/arm-none-eabi/11.3.1/../../../../arm-none-eabi/lib/thumb/v7-m/nofp\libc_nano.a(libc_a-errno.o)
                0x0000000008004f80                __errno
 .text.__libc_init_array
                0x0000000008004f8c       0x48 C:/ST/STM32CubeIDE_1.14.1/STM32CubeIDE/plugins/com.st.stm32cube.ide.mcu.externaltools.gnu-tools-for-stm32.11.3.rel1.win32_1.1.100.202309141235/tools/bin/../lib/gcc/arm-none-eabi/11.3.1/../../../../arm-none-eabi/lib/thumb/v7-m/nofp\libc_nano.a(libc_a-init.o)
                0x0000000008004f8c                __libc_init_array
 .text.__retarget_lock_acquire_recursive
                0x0000000008004fd4        0x2 C:/ST/STM32CubeIDE_1.14.1/STM32CubeIDE/plugins/com.st.stm32cube.ide.mcu.externaltools.gnu-tools-for-stm32.11.3.rel1.win32_1.1.100.202309141235/tools/bin/../lib/gcc/arm-none-eabi/11.3.1/../../../../arm-none-eabi/lib/thumb/v7-m/nofp\libc_nano.a(libc_a-lock.o)
                0x0000000008004fd4                __retarget_lock_acquire_recursive
 .text.__retarget_lock_release_recursive
                0x0000000008004fd6        0x2 C:/ST/STM32CubeIDE_1.14.1/STM32CubeIDE/plugins/com.st.stm32cube.ide.mcu.externaltools.gnu-tools-for-stm32.11.3.rel1.win32_1.1.100.202309141235/tools/bin/../lib/gcc/arm-none-eabi/11.3.1/../../../../arm-none-eabi/lib/thumb/v7-m/nofp\libc_nano.a(libc_a-lock.o)
                0x0000000008004fd6                __retarget_lock_release_recursive
 .text._free_r  0x0000000008004fd8       0x90 C:/ST/STM32CubeIDE_1.14.1/STM32CubeIDE/plugins/com.st.stm32cube.ide.mcu.externaltools.gnu-tools-for-stm32.11.3.rel1.win32_1.1.100.202309141235/tools/bin/../lib/gcc/arm-none-eabi/11.3.1/../../../../arm-none-eabi/lib/thumb/v7-m/nofp\libc_nano.a(libc_a-freer.o)
                0x0000000008004fd8                _free_r
 .text.sbrk_aligned
                0x0000000008005068       0x40 C:/ST/STM32CubeIDE_1.14.1/STM32CubeIDE/plugins/com.st.stm32cube.ide.mcu.externaltools.gnu-tools-for-stm32.11.3.rel1.win32_1.1.100.202309141235/tools/bin/../lib/gcc/arm-none-eabi/11.3.1/../../../../arm-none-eabi/lib/thumb/v7-m/nofp\libc_nano.a(libc_a-mallocr.o)
 .text._malloc_r
                0x00000000080050a8      0x100 C:/ST/STM32CubeIDE_1.14.1/STM32CubeIDE/plugins/com.st.stm32cube.ide.mcu.externaltools.gnu-tools-for-stm32.11.3.rel1.win32_1.1.100.202309141235/tools/bin/../lib/gcc/arm-none-eabi/11.3.1/../../../../arm-none-eabi/lib/thumb/v7-m/nofp\libc_nano.a(libc_a-mallocr.o)
                0x00000000080050a8                _malloc_r
 .text.__malloc_lock
                0x00000000080051a8        0xc C:/ST/STM32CubeIDE_1.14.1/STM32CubeIDE/plugins/com.st.stm32cube.ide.mcu.externaltools.gnu-tools-for-stm32.11.3.rel1.win32_1.1.100.202309141235/tools/bin/../lib/gcc/arm-none-eabi/11.3.1/../../../../arm-none-eabi/lib/thumb/v7-m/nofp\libc_nano.a(libc_a-mlock.o)
                0x00000000080051a8                __malloc_lock
 .text.__malloc_unlock
                0x00000000080051b4        0xc C:/ST/STM32CubeIDE_1.14.1/STM32CubeIDE/plugins/com.st.stm32cube.ide.mcu.externaltools.gnu-tools-for-stm32.11.3.rel1.win32_1.1.100.202309141235/tools/bin/../lib/gcc/arm-none-eabi/11.3.1/../../../../arm-none-eabi/lib/thumb/v7-m/nofp\libc_nano.a(libc_a-mlock.o)
                0x00000000080051b4                __malloc_unlock
 .text.__ssputs_r
                0x00000000080051c0       0xb4 C:/ST/STM32CubeIDE_1.14.1/STM32CubeIDE/plugins/com.st.stm32cube.ide.mcu.externaltools.gnu-tools-for-stm32.11.3.rel1.win32_1.1.100.202309141235/tools/bin/../lib/gcc/arm-none-eabi/11.3.1/../../../../arm-none-eabi/lib/thumb/v7-m/nofp\libc_nano.a(libc_a-nano-svfprintf.o)
                0x00000000080051c0                __ssputs_r
 .text._svfprintf_r
                0x0000000008005274      0x1fc C:/ST/STM32CubeIDE_1.14.1/STM32CubeIDE/plugins/com.st.stm32cube.ide.mcu.externaltools.gnu-tools-for-stm32.11.3.rel1.win32_1.1.100.202309141235/tools/bin/../lib/gcc/arm-none-eabi/11.3.1/../../../../arm-none-eabi/lib/thumb/v7-m/nofp\libc_nano.a(libc_a-nano-svfprintf.o)
                0x0000000008005274                _svfiprintf_r
                0x0000000008005274                _svfprintf_r
 .text._printf_common
                0x0000000008005470       0xe4 C:/ST/STM32CubeIDE_1.14.1/STM32CubeIDE/plugins/com.st.stm32cube.ide.mcu.externaltools.gnu-tools-for-stm32.11.3.rel1.win32_1.1.100.202309141235/tools/bin/../lib/gcc/arm-none-eabi/11.3.1/../../../../arm-none-eabi/lib/thumb/v7-m/nofp\libc_nano.a(libc_a-nano-vfprintf_i.o)
                0x0000000008005470                _printf_common
 .text._printf_i
                0x0000000008005554      0x244 C:/ST/STM32CubeIDE_1.14.1/STM32CubeIDE/plugins/com.st.stm32cube.ide.mcu.externaltools.gnu-tools-for-stm32.11.3.rel1.win32_1.1.100.202309141235/tools/bin/../lib/gcc/arm-none-eabi/11.3.1/../../../../arm-none-eabi/lib/thumb/v7-m/nofp\libc_nano.a(libc_a-nano-vfprintf_i.o)
                0x0000000008005554                _printf_i
 .text.memmove  0x0000000008005798       0x34 C:/ST/STM32CubeIDE_1.14.1/STM32CubeIDE/plugins/com.st.stm32cube.ide.mcu.externaltools.gnu-tools-for-stm32.11.3.rel1.win32_1.1.100.202309141235/tools/bin/../lib/gcc/arm-none-eabi/11.3.1/../../../../arm-none-eabi/lib/thumb/v7-m/nofp\libc_nano.a(libc_a-memmove.o)
                0x0000000008005798                memmove
 .text._sbrk_r  0x00000000080057cc       0x20 C:/ST/STM32CubeIDE_1.14.1/STM32CubeIDE/plugins/com.st.stm32cube.ide.mcu.externaltools.gnu-tools-for-stm32.11.3.rel1.win32_1.1.100.202309141235/tools/bin/../lib/gcc/arm-none-eabi/11.3.1/../../../../arm-none-eabi/lib/thumb/v7-m/nofp\libc_nano.a(libc_a-sbrkr.o)
                0x00000000080057cc                _sbrk_r
 .text.memchr   0x00000000080057ec       0x1c C:/ST/STM32CubeIDE_1.14.1/STM32CubeIDE/plugins/com.st.stm32cube.ide.mcu.externaltools.gnu-tools-for-stm32.11.3.rel1.win32_1.1.100.202309141235/tools/bin/../lib/gcc/arm-none-eabi/11.3.1/../../../../arm-none-eabi/lib/thumb/v7-m/nofp\libc_nano.a(libc_a-memchr-stub.o)
                0x00000000080057ec                memchr
 .text.memcpy   0x0000000008005808       0x1c C:/ST/STM32CubeIDE_1.14.1/STM32CubeIDE/plugins/com.st.stm32cube.ide.mcu.externaltools.gnu-tools-for-stm32.11.3.rel1.win32_1.1.100.202309141235/tools/bin/../lib/gcc/arm-none-eabi/11.3.1/../../../../arm-none-eabi/lib/thumb/v7-m/nofp\libc_nano.a(libc_a-memcpy-stub.o)
                0x0000000008005808                memcpy
 .text._realloc_r
                0x0000000008005824       0x5e C:/ST/STM32CubeIDE_1.14.1/STM32CubeIDE/plugins/com.st.stm32cube.ide.mcu.externaltools.gnu-tools-for-stm32.11.3.rel1.win32_1.1.100.202309141235/tools/bin/../lib/gcc/arm-none-eabi/11.3.1/../../../../arm-none-eabi/lib/thumb/v7-m/nofp\libc_nano.a(libc_a-reallocr.o)
                0x0000000008005824                _realloc_r
 .text._malloc_usable_size_r
                0x0000000008005882       0x10 C:/ST/STM32CubeIDE_1.14.1/STM32CubeIDE/plugins/com.st.stm32cube.ide.mcu.externaltools.gnu-tools-for-stm32.11.3.rel1.win32_1.1.100.202309141235/tools/bin/../lib/gcc/arm-none-eabi/11.3.1/../../../../arm-none-eabi/lib/thumb/v7-m/nofp\libc_nano.a(libc_a-msizer.o)
                0x0000000008005882                _malloc_usable_size_r
 *(.glue_7)
 .glue_7        0x0000000008005892        0x0 linker stubs
 *(.glue_7t)
 .glue_7t       0x0000000008005892        0x0 linker stubs
 *(.eh_frame)
 *fill*         0x0000000008005892        0x2 
 .eh_frame      0x0000000008005894        0x0 C:/ST/STM32CubeIDE_1.14.1/STM32CubeIDE/plugins/com.st.stm32cube.ide.mcu.externaltools.gnu-tools-for-stm32.11.3.rel1.win32_1.1.100.202309141235/tools/bin/../lib/gcc/arm-none-eabi/11.3.1/thumb/v7-m/nofp/crtbegin.o
 *(.init)
 .init          0x0000000008005894        0x4 C:/ST/STM32CubeIDE_1.14.1/STM32CubeIDE/plugins/com.st.stm32cube.ide.mcu.externaltools.gnu-tools-for-stm32.11.3.rel1.win32_1.1.100.202309141235/tools/bin/../lib/gcc/arm-none-eabi/11.3.1/thumb/v7-m/nofp/crti.o
                0x0000000008005894                _init
 .init          0x0000000008005898        0x8 C:/ST/STM32CubeIDE_1.14.1/STM32CubeIDE/plugins/com.st.stm32cube.ide.mcu.externaltools.gnu-tools-for-stm32.11.3.rel1.win32_1.1.100.202309141235/tools/bin/../lib/gcc/arm-none-eabi/11.3.1/thumb/v7-m/nofp/crtn.o
 *(.fini)
 .fini          0x00000000080058a0        0x4 C:/ST/STM32CubeIDE_1.14.1/STM32CubeIDE/plugins/com.st.stm32cube.ide.mcu.externaltools.gnu-tools-for-stm32.11.3.rel1.win32_1.1.100.202309141235/tools/bin/../lib/gcc/arm-none-eabi/11.3.1/thumb/v7-m/nofp/crti.o
                0x00000000080058a0                _fini
 .fini          0x00000000080058a4        0x8 C:/ST/STM32CubeIDE_1.14.1/STM32CubeIDE/plugins/com.st.stm32cube.ide.mcu.externaltools.gnu-tools-for-stm32.11.3.rel1.win32_1.1.100.202309141235/tools/bin/../lib/gcc/arm-none-eabi/11.3.1/thumb/v7-m/nofp/crtn.o
                0x00000000080058ac                . = ALIGN (0x4)
                0x00000000080058ac                _etext = .

.vfp11_veneer   0x00000000080058ac        0x0
 .vfp11_veneer  0x00000000080058ac        0x0 linker stubs

.v4_bx          0x00000000080058ac        0x0
 .v4_bx         0x00000000080058ac        0x0 linker stubs

.iplt           0x00000000080058ac        0x0
 .iplt          0x00000000080058ac        0x0 C:/ST/STM32CubeIDE_1.14.1/STM32CubeIDE/plugins/com.st.stm32cube.ide.mcu.externaltools.gnu-tools-for-stm32.11.3.rel1.win32_1.1.100.202309141235/tools/bin/../lib/gcc/arm-none-eabi/11.3.1/thumb/v7-m/nofp/crtbegin.o

.rodata         0x00000000080058ac      0x1a0
                0x00000000080058ac                . = ALIGN (0x4)
 *(.rodata)
 .rodata        0x00000000080058ac       0x18 ./Core/Src/Homing.o
 .rodata        0x00000000080058c4       0xa8 ./Core/Src/Manejo_Interrupciones.o
 .rodata        0x000000000800596c       0x34 ./Core/Src/Matriz.o
 .rodata        0x00000000080059a0        0x3 ./Core/Src/lcd.o
 *fill*         0x00000000080059a3        0x1 
 .rodata        0x00000000080059a4       0x48 ./Core/Src/main.o
 *(.rodata*)
 .rodata.pxmmY  0x00000000080059ec        0x2 ./Core/Src/Movimiento_Motores.o
                0x00000000080059ec                pxmmY
 *fill*         0x00000000080059ee        0x2 
 .rodata.ROW_16
                0x00000000080059f0        0x4 ./Core/Src/lcd.o
                0x00000000080059f0                ROW_16
 .rodata.AHBPrescTable
                0x00000000080059f4       0x10 ./Core/Src/system_stm32f1xx.o
                0x00000000080059f4                AHBPrescTable
 .rodata.aPLLMULFactorTable.1
                0x0000000008005a04       0x10 ./Drivers/STM32F1xx_HAL_Driver/Src/stm32f1xx_hal_rcc.o
 .rodata.aPredivFactorTable.0
                0x0000000008005a14        0x2 ./Drivers/STM32F1xx_HAL_Driver/Src/stm32f1xx_hal_rcc.o
 .rodata._svfprintf_r.str1.1
                0x0000000008005a16       0x11 C:/ST/STM32CubeIDE_1.14.1/STM32CubeIDE/plugins/com.st.stm32cube.ide.mcu.externaltools.gnu-tools-for-stm32.11.3.rel1.win32_1.1.100.202309141235/tools/bin/../lib/gcc/arm-none-eabi/11.3.1/../../../../arm-none-eabi/lib/thumb/v7-m/nofp\libc_nano.a(libc_a-nano-svfprintf.o)
 .rodata._printf_i.str1.1
                0x0000000008005a27       0x22 C:/ST/STM32CubeIDE_1.14.1/STM32CubeIDE/plugins/com.st.stm32cube.ide.mcu.externaltools.gnu-tools-for-stm32.11.3.rel1.win32_1.1.100.202309141235/tools/bin/../lib/gcc/arm-none-eabi/11.3.1/../../../../arm-none-eabi/lib/thumb/v7-m/nofp\libc_nano.a(libc_a-nano-vfprintf_i.o)
                0x0000000008005a4c                . = ALIGN (0x4)
 *fill*         0x0000000008005a49        0x3 

.rel.dyn        0x0000000008005a4c        0x0
 .rel.iplt      0x0000000008005a4c        0x0 C:/ST/STM32CubeIDE_1.14.1/STM32CubeIDE/plugins/com.st.stm32cube.ide.mcu.externaltools.gnu-tools-for-stm32.11.3.rel1.win32_1.1.100.202309141235/tools/bin/../lib/gcc/arm-none-eabi/11.3.1/thumb/v7-m/nofp/crtbegin.o

.ARM.extab      0x0000000008005a4c        0x0
                0x0000000008005a4c                . = ALIGN (0x4)
 *(.ARM.extab* .gnu.linkonce.armextab.*)
                0x0000000008005a4c                . = ALIGN (0x4)

.ARM            0x0000000008005a4c        0x0
                0x0000000008005a4c                . = ALIGN (0x4)
                0x0000000008005a4c                __exidx_start = .
 *(.ARM.exidx*)
                0x0000000008005a4c                __exidx_end = .
                0x0000000008005a4c                . = ALIGN (0x4)

.preinit_array  0x0000000008005a4c        0x0
                0x0000000008005a4c                . = ALIGN (0x4)
                0x0000000008005a4c                PROVIDE (__preinit_array_start = .)
 *(.preinit_array*)
                0x0000000008005a4c                PROVIDE (__preinit_array_end = .)
                0x0000000008005a4c                . = ALIGN (0x4)

.init_array     0x0000000008005a4c        0x4
                0x0000000008005a4c                . = ALIGN (0x4)
                0x0000000008005a4c                PROVIDE (__init_array_start = .)
 *(SORT_BY_NAME(.init_array.*))
 *(.init_array*)
 .init_array    0x0000000008005a4c        0x4 C:/ST/STM32CubeIDE_1.14.1/STM32CubeIDE/plugins/com.st.stm32cube.ide.mcu.externaltools.gnu-tools-for-stm32.11.3.rel1.win32_1.1.100.202309141235/tools/bin/../lib/gcc/arm-none-eabi/11.3.1/thumb/v7-m/nofp/crtbegin.o
                0x0000000008005a50                PROVIDE (__init_array_end = .)
                0x0000000008005a50                . = ALIGN (0x4)

.fini_array     0x0000000008005a50        0x4
                0x0000000008005a50                . = ALIGN (0x4)
                [!provide]                        PROVIDE (__fini_array_start = .)
 *(SORT_BY_NAME(.fini_array.*))
 *(.fini_array*)
 .fini_array    0x0000000008005a50        0x4 C:/ST/STM32CubeIDE_1.14.1/STM32CubeIDE/plugins/com.st.stm32cube.ide.mcu.externaltools.gnu-tools-for-stm32.11.3.rel1.win32_1.1.100.202309141235/tools/bin/../lib/gcc/arm-none-eabi/11.3.1/thumb/v7-m/nofp/crtbegin.o
                [!provide]                        PROVIDE (__fini_array_end = .)
                0x0000000008005a54                . = ALIGN (0x4)
                0x0000000008005a54                _sidata = LOADADDR (.data)

.data           0x0000000020000000       0x7c load address 0x0000000008005a54
                0x0000000020000000                . = ALIGN (0x4)
                0x0000000020000000                _sdata = .
 *(.data)
 *(.data*)
 .data.velocidad1_homing
                0x0000000020000000        0x2 ./Core/Src/Homing.o
                0x0000000020000000                velocidad1_homing
 .data.velocidad2_homing
                0x0000000020000002        0x2 ./Core/Src/Homing.o
                0x0000000020000002                velocidad2_homing
 .data.filas    0x0000000020000004        0x1 ./Core/Src/Manejo_Interrupciones.o
                0x0000000020000004                filas
 .data.columnas
                0x0000000020000005        0x1 ./Core/Src/Manejo_Interrupciones.o
                0x0000000020000005                columnas
 *fill*         0x0000000020000006        0x2 
 .data.texto    0x0000000020000008        0xf ./Core/Src/Manejo_Interrupciones.o
                0x0000000020000008                texto
 .data.velocidad
                0x0000000020000017        0x1 ./Core/Src/Movimiento_Motores.o
                0x0000000020000017                velocidad
 .data.pos_final
                0x0000000020000018        0x2 ./Core/Src/Movimiento_Servo.o
                0x0000000020000018                pos_final
 .data.vel_servo
                0x000000002000001a        0x1 ./Core/Src/Movimiento_Servo.o
                0x000000002000001a                vel_servo
 *fill*         0x000000002000001b        0x1 
 .data.pos_inicial
                0x000000002000001c        0x2 ./Core/Src/Movimiento_Servo.o
                0x000000002000001c                pos_inicial
 .data.t_reposo
                0x000000002000001e        0x2 ./Core/Src/Movimiento_Servo.o
                0x000000002000001e                t_reposo
 .data.SystemCoreClock
                0x0000000020000020        0x4 ./Core/Src/system_stm32f1xx.o
                0x0000000020000020                SystemCoreClock
 .data.uwTickPrio
                0x0000000020000024        0x4 ./Drivers/STM32F1xx_HAL_Driver/Src/stm32f1xx_hal.o
                0x0000000020000024                uwTickPrio
 .data.uwTickFreq
                0x0000000020000028        0x1 ./Drivers/STM32F1xx_HAL_Driver/Src/stm32f1xx_hal.o
                0x0000000020000028                uwTickFreq
 *fill*         0x0000000020000029        0x3 
 .data._impure_data
                0x000000002000002c       0x4c C:/ST/STM32CubeIDE_1.14.1/STM32CubeIDE/plugins/com.st.stm32cube.ide.mcu.externaltools.gnu-tools-for-stm32.11.3.rel1.win32_1.1.100.202309141235/tools/bin/../lib/gcc/arm-none-eabi/11.3.1/../../../../arm-none-eabi/lib/thumb/v7-m/nofp\libc_nano.a(libc_a-impure.o)
                0x000000002000002c                _impure_data
 .data._impure_ptr
                0x0000000020000078        0x4 C:/ST/STM32CubeIDE_1.14.1/STM32CubeIDE/plugins/com.st.stm32cube.ide.mcu.externaltools.gnu-tools-for-stm32.11.3.rel1.win32_1.1.100.202309141235/tools/bin/../lib/gcc/arm-none-eabi/11.3.1/../../../../arm-none-eabi/lib/thumb/v7-m/nofp\libc_nano.a(libc_a-impure.o)
                0x0000000020000078                _impure_ptr
 *(.RamFunc)
 *(.RamFunc*)
                0x000000002000007c                . = ALIGN (0x4)
                0x000000002000007c                _edata = .

.igot.plt       0x000000002000007c        0x0 load address 0x0000000008005ad0
 .igot.plt      0x000000002000007c        0x0 C:/ST/STM32CubeIDE_1.14.1/STM32CubeIDE/plugins/com.st.stm32cube.ide.mcu.externaltools.gnu-tools-for-stm32.11.3.rel1.win32_1.1.100.202309141235/tools/bin/../lib/gcc/arm-none-eabi/11.3.1/thumb/v7-m/nofp/crtbegin.o
                0x000000002000007c                . = ALIGN (0x4)

.bss            0x000000002000007c      0x224 load address 0x0000000008005ad0
                0x000000002000007c                _sbss = .
                0x000000002000007c                __bss_start__ = _sbss
 *(.bss)
 .bss           0x000000002000007c       0x1c C:/ST/STM32CubeIDE_1.14.1/STM32CubeIDE/plugins/com.st.stm32cube.ide.mcu.externaltools.gnu-tools-for-stm32.11.3.rel1.win32_1.1.100.202309141235/tools/bin/../lib/gcc/arm-none-eabi/11.3.1/thumb/v7-m/nofp/crtbegin.o
 *(.bss*)
 .bss.i         0x0000000020000098        0x1 ./Core/Src/Manejo_Interrupciones.o
                0x0000000020000098                i
 .bss.cont_espacios
                0x0000000020000099        0x1 ./Core/Src/Manejo_Interrupciones.o
                0x0000000020000099                cont_espacios
 .bss.m         0x000000002000009a        0x1 ./Core/Src/Matriz.o
                0x000000002000009a                m
 .bss.contador_fila
                0x000000002000009b        0x1 ./Core/Src/Matriz.o
                0x000000002000009b                contador_fila
 .bss.contador_columna
                0x000000002000009c        0x1 ./Core/Src/Matriz.o
                0x000000002000009c                contador_columna
 .bss.contador_elementos
                0x000000002000009d        0x1 ./Core/Src/Matriz.o
                0x000000002000009d                contador_elementos
 .bss.pos_actual
                0x000000002000009e        0x2 ./Core/Src/Movimiento_Servo.o
                0x000000002000009e                pos_actual
 .bss.cont      0x00000000200000a0        0xa ./Core/Src/Texto.o
                0x00000000200000a0                cont
 .bss.caracter  0x00000000200000aa        0x1 ./Core/Src/Texto.o
                0x00000000200000aa                caracter
 *fill*         0x00000000200000ab        0x1 
 .bss.htim2     0x00000000200000ac       0x48 ./Core/Src/main.o
                0x00000000200000ac                htim2
 .bss.htim4     0x00000000200000f4       0x48 ./Core/Src/main.o
                0x00000000200000f4                htim4
 .bss.interrupcion
                0x000000002000013c        0x1 ./Core/Src/main.o
                0x000000002000013c                interrupcion
 *fill*         0x000000002000013d        0x3 
 .bss.miliseg_prev
                0x0000000020000140        0x4 ./Core/Src/main.o
                0x0000000020000140                miliseg_prev
 .bss.miliseg_actual
                0x0000000020000144        0x4 ./Core/Src/main.o
                0x0000000020000144                miliseg_actual
 .bss.contador_ms
                0x0000000020000148        0x4 ./Core/Src/main.o
                0x0000000020000148                contador_ms
 .bss.estado_impresora
                0x000000002000014c        0x1 ./Core/Src/main.o
                0x000000002000014c                estado_impresora
 .bss.homingX   0x000000002000014d        0x1 ./Core/Src/main.o
                0x000000002000014d                homingX
 .bss.homingY   0x000000002000014e        0x1 ./Core/Src/main.o
                0x000000002000014e                homingY
 *fill*         0x000000002000014f        0x1 
 .bss.__sbrk_heap_end
                0x0000000020000150        0x4 ./Core/Src/sysmem.o
 .bss.uwTick    0x0000000020000154        0x4 ./Drivers/STM32F1xx_HAL_Driver/Src/stm32f1xx_hal.o
                0x0000000020000154                uwTick
 .bss.__sf      0x0000000020000158      0x138 C:/ST/STM32CubeIDE_1.14.1/STM32CubeIDE/plugins/com.st.stm32cube.ide.mcu.externaltools.gnu-tools-for-stm32.11.3.rel1.win32_1.1.100.202309141235/tools/bin/../lib/gcc/arm-none-eabi/11.3.1/../../../../arm-none-eabi/lib/thumb/v7-m/nofp\libc_nano.a(libc_a-findfp.o)
                0x0000000020000158                __sf
 .bss.errno     0x0000000020000290        0x4 C:/ST/STM32CubeIDE_1.14.1/STM32CubeIDE/plugins/com.st.stm32cube.ide.mcu.externaltools.gnu-tools-for-stm32.11.3.rel1.win32_1.1.100.202309141235/tools/bin/../lib/gcc/arm-none-eabi/11.3.1/../../../../arm-none-eabi/lib/thumb/v7-m/nofp\libc_nano.a(libc_a-reent.o)
                0x0000000020000290                errno
 .bss.__lock___malloc_recursive_mutex
                0x0000000020000294        0x1 C:/ST/STM32CubeIDE_1.14.1/STM32CubeIDE/plugins/com.st.stm32cube.ide.mcu.externaltools.gnu-tools-for-stm32.11.3.rel1.win32_1.1.100.202309141235/tools/bin/../lib/gcc/arm-none-eabi/11.3.1/../../../../arm-none-eabi/lib/thumb/v7-m/nofp\libc_nano.a(libc_a-lock.o)
                0x0000000020000294                __lock___malloc_recursive_mutex
 *fill*         0x0000000020000295        0x3 
 .bss.__malloc_free_list
                0x0000000020000298        0x4 C:/ST/STM32CubeIDE_1.14.1/STM32CubeIDE/plugins/com.st.stm32cube.ide.mcu.externaltools.gnu-tools-for-stm32.11.3.rel1.win32_1.1.100.202309141235/tools/bin/../lib/gcc/arm-none-eabi/11.3.1/../../../../arm-none-eabi/lib/thumb/v7-m/nofp\libc_nano.a(libc_a-mallocr.o)
                0x0000000020000298                __malloc_free_list
 .bss.__malloc_sbrk_start
                0x000000002000029c        0x4 C:/ST/STM32CubeIDE_1.14.1/STM32CubeIDE/plugins/com.st.stm32cube.ide.mcu.externaltools.gnu-tools-for-stm32.11.3.rel1.win32_1.1.100.202309141235/tools/bin/../lib/gcc/arm-none-eabi/11.3.1/../../../../arm-none-eabi/lib/thumb/v7-m/nofp\libc_nano.a(libc_a-mallocr.o)
                0x000000002000029c                __malloc_sbrk_start
 *(COMMON)
                0x00000000200002a0                . = ALIGN (0x4)
                0x00000000200002a0                _ebss = .
                0x00000000200002a0                __bss_end__ = _ebss

._user_heap_stack
                0x00000000200002a0      0x600 load address 0x0000000008005ad0
                0x00000000200002a0                . = ALIGN (0x8)
                [!provide]                        PROVIDE (end = .)
                0x00000000200002a0                PROVIDE (_end = .)
                0x00000000200004a0                . = (. + _Min_Heap_Size)
 *fill*         0x00000000200002a0      0x200 
                0x00000000200008a0                . = (. + _Min_Stack_Size)
 *fill*         0x00000000200004a0      0x400 
                0x00000000200008a0                . = ALIGN (0x8)

/DISCARD/
 libc.a(*)
 libm.a(*)
 libgcc.a(*)

.ARM.attributes
                0x0000000000000000       0x29
 *(.ARM.attributes)
 .ARM.attributes
                0x0000000000000000       0x1d C:/ST/STM32CubeIDE_1.14.1/STM32CubeIDE/plugins/com.st.stm32cube.ide.mcu.externaltools.gnu-tools-for-stm32.11.3.rel1.win32_1.1.100.202309141235/tools/bin/../lib/gcc/arm-none-eabi/11.3.1/thumb/v7-m/nofp/crti.o
 .ARM.attributes
                0x000000000000001d       0x2d C:/ST/STM32CubeIDE_1.14.1/STM32CubeIDE/plugins/com.st.stm32cube.ide.mcu.externaltools.gnu-tools-for-stm32.11.3.rel1.win32_1.1.100.202309141235/tools/bin/../lib/gcc/arm-none-eabi/11.3.1/thumb/v7-m/nofp/crtbegin.o
 .ARM.attributes
                0x000000000000004a       0x2d ./Core/Src/Base_de_Datos.o
 .ARM.attributes
                0x0000000000000077       0x2d ./Core/Src/Homing.o
 .ARM.attributes
                0x00000000000000a4       0x2d ./Core/Src/Manejo_Interrupciones.o
 .ARM.attributes
                0x00000000000000d1       0x2d ./Core/Src/Matriz.o
 .ARM.attributes
                0x00000000000000fe       0x2d ./Core/Src/Movimiento_Motores.o
 .ARM.attributes
                0x000000000000012b       0x2d ./Core/Src/Movimiento_Servo.o
 .ARM.attributes
                0x0000000000000158       0x2d ./Core/Src/Texto.o
 .ARM.attributes
                0x0000000000000185       0x2d ./Core/Src/lcd.o
 .ARM.attributes
                0x00000000000001b2       0x2d ./Core/Src/main.o
 .ARM.attributes
                0x00000000000001df       0x2d ./Core/Src/stm32f1xx_hal_msp.o
 .ARM.attributes
                0x000000000000020c       0x2d ./Core/Src/stm32f1xx_it.o
 .ARM.attributes
                0x0000000000000239       0x2d ./Core/Src/sysmem.o
 .ARM.attributes
                0x0000000000000266       0x2d ./Core/Src/system_stm32f1xx.o
 .ARM.attributes
                0x0000000000000293       0x21 ./Core/Startup/startup_stm32f103c8tx.o
 .ARM.attributes
                0x00000000000002b4       0x2d ./Drivers/STM32F1xx_HAL_Driver/Src/stm32f1xx_hal.o
 .ARM.attributes
                0x00000000000002e1       0x2d ./Drivers/STM32F1xx_HAL_Driver/Src/stm32f1xx_hal_cortex.o
 .ARM.attributes
                0x000000000000030e       0x2d ./Drivers/STM32F1xx_HAL_Driver/Src/stm32f1xx_hal_gpio.o
 .ARM.attributes
                0x000000000000033b       0x2d ./Drivers/STM32F1xx_HAL_Driver/Src/stm32f1xx_hal_rcc.o
 .ARM.attributes
                0x0000000000000368       0x2d ./Drivers/STM32F1xx_HAL_Driver/Src/stm32f1xx_hal_tim.o
 .ARM.attributes
                0x0000000000000395       0x2d ./Drivers/STM32F1xx_HAL_Driver/Src/stm32f1xx_hal_tim_ex.o
 .ARM.attributes
                0x00000000000003c2       0x2d C:/ST/STM32CubeIDE_1.14.1/STM32CubeIDE/plugins/com.st.stm32cube.ide.mcu.externaltools.gnu-tools-for-stm32.11.3.rel1.win32_1.1.100.202309141235/tools/bin/../lib/gcc/arm-none-eabi/11.3.1/../../../../arm-none-eabi/lib/thumb/v7-m/nofp\libc_nano.a(libc_a-findfp.o)
 .ARM.attributes
                0x00000000000003ef       0x2d C:/ST/STM32CubeIDE_1.14.1/STM32CubeIDE/plugins/com.st.stm32cube.ide.mcu.externaltools.gnu-tools-for-stm32.11.3.rel1.win32_1.1.100.202309141235/tools/bin/../lib/gcc/arm-none-eabi/11.3.1/../../../../arm-none-eabi/lib/thumb/v7-m/nofp\libc_nano.a(libc_a-sprintf.o)
 .ARM.attributes
                0x000000000000041c       0x2d C:/ST/STM32CubeIDE_1.14.1/STM32CubeIDE/plugins/com.st.stm32cube.ide.mcu.externaltools.gnu-tools-for-stm32.11.3.rel1.win32_1.1.100.202309141235/tools/bin/../lib/gcc/arm-none-eabi/11.3.1/../../../../arm-none-eabi/lib/thumb/v7-m/nofp\libc_nano.a(libc_a-memset.o)
 .ARM.attributes
                0x0000000000000449       0x2d C:/ST/STM32CubeIDE_1.14.1/STM32CubeIDE/plugins/com.st.stm32cube.ide.mcu.externaltools.gnu-tools-for-stm32.11.3.rel1.win32_1.1.100.202309141235/tools/bin/../lib/gcc/arm-none-eabi/11.3.1/../../../../arm-none-eabi/lib/thumb/v7-m/nofp\libc_nano.a(libc_a-reent.o)
 .ARM.attributes
                0x0000000000000476       0x2d C:/ST/STM32CubeIDE_1.14.1/STM32CubeIDE/plugins/com.st.stm32cube.ide.mcu.externaltools.gnu-tools-for-stm32.11.3.rel1.win32_1.1.100.202309141235/tools/bin/../lib/gcc/arm-none-eabi/11.3.1/../../../../arm-none-eabi/lib/thumb/v7-m/nofp\libc_nano.a(libc_a-impure.o)
 .ARM.attributes
                0x00000000000004a3       0x2d C:/ST/STM32CubeIDE_1.14.1/STM32CubeIDE/plugins/com.st.stm32cube.ide.mcu.externaltools.gnu-tools-for-stm32.11.3.rel1.win32_1.1.100.202309141235/tools/bin/../lib/gcc/arm-none-eabi/11.3.1/../../../../arm-none-eabi/lib/thumb/v7-m/nofp\libc_nano.a(libc_a-errno.o)
 .ARM.attributes
                0x00000000000004d0       0x2d C:/ST/STM32CubeIDE_1.14.1/STM32CubeIDE/plugins/com.st.stm32cube.ide.mcu.externaltools.gnu-tools-for-stm32.11.3.rel1.win32_1.1.100.202309141235/tools/bin/../lib/gcc/arm-none-eabi/11.3.1/../../../../arm-none-eabi/lib/thumb/v7-m/nofp\libc_nano.a(libc_a-init.o)
 .ARM.attributes
                0x00000000000004fd       0x2d C:/ST/STM32CubeIDE_1.14.1/STM32CubeIDE/plugins/com.st.stm32cube.ide.mcu.externaltools.gnu-tools-for-stm32.11.3.rel1.win32_1.1.100.202309141235/tools/bin/../lib/gcc/arm-none-eabi/11.3.1/../../../../arm-none-eabi/lib/thumb/v7-m/nofp\libc_nano.a(libc_a-lock.o)
 .ARM.attributes
                0x000000000000052a       0x17 C:/ST/STM32CubeIDE_1.14.1/STM32CubeIDE/plugins/com.st.stm32cube.ide.mcu.externaltools.gnu-tools-for-stm32.11.3.rel1.win32_1.1.100.202309141235/tools/bin/../lib/gcc/arm-none-eabi/11.3.1/../../../../arm-none-eabi/lib/thumb/v7-m/nofp\libc_nano.a(libc_a-strlen.o)
 .ARM.attributes
                0x0000000000000541       0x2d C:/ST/STM32CubeIDE_1.14.1/STM32CubeIDE/plugins/com.st.stm32cube.ide.mcu.externaltools.gnu-tools-for-stm32.11.3.rel1.win32_1.1.100.202309141235/tools/bin/../lib/gcc/arm-none-eabi/11.3.1/../../../../arm-none-eabi/lib/thumb/v7-m/nofp\libc_nano.a(libc_a-freer.o)
 .ARM.attributes
                0x000000000000056e       0x2d C:/ST/STM32CubeIDE_1.14.1/STM32CubeIDE/plugins/com.st.stm32cube.ide.mcu.externaltools.gnu-tools-for-stm32.11.3.rel1.win32_1.1.100.202309141235/tools/bin/../lib/gcc/arm-none-eabi/11.3.1/../../../../arm-none-eabi/lib/thumb/v7-m/nofp\libc_nano.a(libc_a-mallocr.o)
 .ARM.attributes
                0x000000000000059b       0x2d C:/ST/STM32CubeIDE_1.14.1/STM32CubeIDE/plugins/com.st.stm32cube.ide.mcu.externaltools.gnu-tools-for-stm32.11.3.rel1.win32_1.1.100.202309141235/tools/bin/../lib/gcc/arm-none-eabi/11.3.1/../../../../arm-none-eabi/lib/thumb/v7-m/nofp\libc_nano.a(libc_a-mlock.o)
 .ARM.attributes
                0x00000000000005c8       0x2d C:/ST/STM32CubeIDE_1.14.1/STM32CubeIDE/plugins/com.st.stm32cube.ide.mcu.externaltools.gnu-tools-for-stm32.11.3.rel1.win32_1.1.100.202309141235/tools/bin/../lib/gcc/arm-none-eabi/11.3.1/../../../../arm-none-eabi/lib/thumb/v7-m/nofp\libc_nano.a(libc_a-nano-svfprintf.o)
 .ARM.attributes
                0x00000000000005f5       0x2d C:/ST/STM32CubeIDE_1.14.1/STM32CubeIDE/plugins/com.st.stm32cube.ide.mcu.externaltools.gnu-tools-for-stm32.11.3.rel1.win32_1.1.100.202309141235/tools/bin/../lib/gcc/arm-none-eabi/11.3.1/../../../../arm-none-eabi/lib/thumb/v7-m/nofp\libc_nano.a(libc_a-nano-vfprintf_i.o)
 .ARM.attributes
                0x0000000000000622       0x2d C:/ST/STM32CubeIDE_1.14.1/STM32CubeIDE/plugins/com.st.stm32cube.ide.mcu.externaltools.gnu-tools-for-stm32.11.3.rel1.win32_1.1.100.202309141235/tools/bin/../lib/gcc/arm-none-eabi/11.3.1/../../../../arm-none-eabi/lib/thumb/v7-m/nofp\libc_nano.a(libc_a-memmove.o)
 .ARM.attributes
                0x000000000000064f       0x2d C:/ST/STM32CubeIDE_1.14.1/STM32CubeIDE/plugins/com.st.stm32cube.ide.mcu.externaltools.gnu-tools-for-stm32.11.3.rel1.win32_1.1.100.202309141235/tools/bin/../lib/gcc/arm-none-eabi/11.3.1/../../../../arm-none-eabi/lib/thumb/v7-m/nofp\libc_nano.a(libc_a-sbrkr.o)
 .ARM.attributes
                0x000000000000067c       0x2d C:/ST/STM32CubeIDE_1.14.1/STM32CubeIDE/plugins/com.st.stm32cube.ide.mcu.externaltools.gnu-tools-for-stm32.11.3.rel1.win32_1.1.100.202309141235/tools/bin/../lib/gcc/arm-none-eabi/11.3.1/../../../../arm-none-eabi/lib/thumb/v7-m/nofp\libc_nano.a(libc_a-memchr-stub.o)
 .ARM.attributes
                0x00000000000006a9       0x2d C:/ST/STM32CubeIDE_1.14.1/STM32CubeIDE/plugins/com.st.stm32cube.ide.mcu.externaltools.gnu-tools-for-stm32.11.3.rel1.win32_1.1.100.202309141235/tools/bin/../lib/gcc/arm-none-eabi/11.3.1/../../../../arm-none-eabi/lib/thumb/v7-m/nofp\libc_nano.a(libc_a-memcpy-stub.o)
 .ARM.attributes
                0x00000000000006d6       0x2d C:/ST/STM32CubeIDE_1.14.1/STM32CubeIDE/plugins/com.st.stm32cube.ide.mcu.externaltools.gnu-tools-for-stm32.11.3.rel1.win32_1.1.100.202309141235/tools/bin/../lib/gcc/arm-none-eabi/11.3.1/../../../../arm-none-eabi/lib/thumb/v7-m/nofp\libc_nano.a(libc_a-reallocr.o)
 .ARM.attributes
                0x0000000000000703       0x2d C:/ST/STM32CubeIDE_1.14.1/STM32CubeIDE/plugins/com.st.stm32cube.ide.mcu.externaltools.gnu-tools-for-stm32.11.3.rel1.win32_1.1.100.202309141235/tools/bin/../lib/gcc/arm-none-eabi/11.3.1/../../../../arm-none-eabi/lib/thumb/v7-m/nofp\libc_nano.a(libc_a-msizer.o)
 .ARM.attributes
                0x0000000000000730       0x1d C:/ST/STM32CubeIDE_1.14.1/STM32CubeIDE/plugins/com.st.stm32cube.ide.mcu.externaltools.gnu-tools-for-stm32.11.3.rel1.win32_1.1.100.202309141235/tools/bin/../lib/gcc/arm-none-eabi/11.3.1/thumb/v7-m/nofp/crtn.o
OUTPUT(Proyecto_Final_Braille.elf elf32-littlearm)
LOAD linker stubs
LOAD C:/ST/STM32CubeIDE_1.14.1/STM32CubeIDE/plugins/com.st.stm32cube.ide.mcu.externaltools.gnu-tools-for-stm32.11.3.rel1.win32_1.1.100.202309141235/tools/bin/../lib/gcc/arm-none-eabi/11.3.1/../../../../arm-none-eabi/lib/thumb/v7-m/nofp\libc.a
LOAD C:/ST/STM32CubeIDE_1.14.1/STM32CubeIDE/plugins/com.st.stm32cube.ide.mcu.externaltools.gnu-tools-for-stm32.11.3.rel1.win32_1.1.100.202309141235/tools/bin/../lib/gcc/arm-none-eabi/11.3.1/../../../../arm-none-eabi/lib/thumb/v7-m/nofp\libm.a
LOAD C:/ST/STM32CubeIDE_1.14.1/STM32CubeIDE/plugins/com.st.stm32cube.ide.mcu.externaltools.gnu-tools-for-stm32.11.3.rel1.win32_1.1.100.202309141235/tools/bin/../lib/gcc/arm-none-eabi/11.3.1/thumb/v7-m/nofp\libgcc.a

.comment        0x0000000000000000       0x43
 .comment       0x0000000000000000       0x43 C:/ST/STM32CubeIDE_1.14.1/STM32CubeIDE/plugins/com.st.stm32cube.ide.mcu.externaltools.gnu-tools-for-stm32.11.3.rel1.win32_1.1.100.202309141235/tools/bin/../lib/gcc/arm-none-eabi/11.3.1/thumb/v7-m/nofp/crtbegin.o
                                         0x44 (size before relaxing)
 .comment       0x0000000000000043       0x44 ./Core/Src/Base_de_Datos.o
 .comment       0x0000000000000043       0x44 ./Core/Src/Homing.o
 .comment       0x0000000000000043       0x44 ./Core/Src/Manejo_Interrupciones.o
 .comment       0x0000000000000043       0x44 ./Core/Src/Matriz.o
 .comment       0x0000000000000043       0x44 ./Core/Src/Movimiento_Motores.o
 .comment       0x0000000000000043       0x44 ./Core/Src/Movimiento_Servo.o
 .comment       0x0000000000000043       0x44 ./Core/Src/Texto.o
 .comment       0x0000000000000043       0x44 ./Core/Src/lcd.o
 .comment       0x0000000000000043       0x44 ./Core/Src/main.o
 .comment       0x0000000000000043       0x44 ./Core/Src/stm32f1xx_hal_msp.o
 .comment       0x0000000000000043       0x44 ./Core/Src/stm32f1xx_it.o
 .comment       0x0000000000000043       0x44 ./Core/Src/sysmem.o
 .comment       0x0000000000000043       0x44 ./Core/Src/system_stm32f1xx.o
 .comment       0x0000000000000043       0x44 ./Drivers/STM32F1xx_HAL_Driver/Src/stm32f1xx_hal.o
 .comment       0x0000000000000043       0x44 ./Drivers/STM32F1xx_HAL_Driver/Src/stm32f1xx_hal_cortex.o
 .comment       0x0000000000000043       0x44 ./Drivers/STM32F1xx_HAL_Driver/Src/stm32f1xx_hal_gpio.o
 .comment       0x0000000000000043       0x44 ./Drivers/STM32F1xx_HAL_Driver/Src/stm32f1xx_hal_rcc.o
 .comment       0x0000000000000043       0x44 ./Drivers/STM32F1xx_HAL_Driver/Src/stm32f1xx_hal_tim.o
 .comment       0x0000000000000043       0x44 ./Drivers/STM32F1xx_HAL_Driver/Src/stm32f1xx_hal_tim_ex.o

.debug_info     0x0000000000000000     0xa0ef
 .debug_info    0x0000000000000000       0xb8 ./Core/Src/Base_de_Datos.o
 .debug_info    0x00000000000000b8      0x669 ./Core/Src/Homing.o
 .debug_info    0x0000000000000721      0x455 ./Core/Src/Manejo_Interrupciones.o
 .debug_info    0x0000000000000b76      0x5f5 ./Core/Src/Matriz.o
 .debug_info    0x000000000000116b      0x2b7 ./Core/Src/Movimiento_Motores.o
 .debug_info    0x0000000000001422      0x26f ./Core/Src/Movimiento_Servo.o
 .debug_info    0x0000000000001691       0xff ./Core/Src/Texto.o
 .debug_info    0x0000000000001790      0x5bf ./Core/Src/lcd.o
 .debug_info    0x0000000000001d4f     0x1199 ./Core/Src/main.o
 .debug_info    0x0000000000002ee8      0xa8e ./Core/Src/stm32f1xx_hal_msp.o
 .debug_info    0x0000000000003976      0x6eb ./Core/Src/stm32f1xx_it.o
 .debug_info    0x0000000000004061      0x168 ./Core/Src/sysmem.o
 .debug_info    0x00000000000041c9      0x222 ./Core/Src/system_stm32f1xx.o
 .debug_info    0x00000000000043eb       0x23 ./Core/Startup/startup_stm32f103c8tx.o
 .debug_info    0x000000000000440e      0x704 ./Drivers/STM32F1xx_HAL_Driver/Src/stm32f1xx_hal.o
 .debug_info    0x0000000000004b12      0xa87 ./Drivers/STM32F1xx_HAL_Driver/Src/stm32f1xx_hal_cortex.o
 .debug_info    0x0000000000005599      0x5ab ./Drivers/STM32F1xx_HAL_Driver/Src/stm32f1xx_hal_gpio.o
 .debug_info    0x0000000000005b44      0x7d5 ./Drivers/STM32F1xx_HAL_Driver/Src/stm32f1xx_hal_rcc.o
 .debug_info    0x0000000000006319     0x293b ./Drivers/STM32F1xx_HAL_Driver/Src/stm32f1xx_hal_tim.o
 .debug_info    0x0000000000008c54     0x149b ./Drivers/STM32F1xx_HAL_Driver/Src/stm32f1xx_hal_tim_ex.o

.debug_abbrev   0x0000000000000000     0x2279
 .debug_abbrev  0x0000000000000000       0x6d ./Core/Src/Base_de_Datos.o
 .debug_abbrev  0x000000000000006d      0x23d ./Core/Src/Homing.o
 .debug_abbrev  0x00000000000002aa      0x1d8 ./Core/Src/Manejo_Interrupciones.o
 .debug_abbrev  0x0000000000000482      0x1f7 ./Core/Src/Matriz.o
 .debug_abbrev  0x0000000000000679      0x16d ./Core/Src/Movimiento_Motores.o
 .debug_abbrev  0x00000000000007e6       0xec ./Core/Src/Movimiento_Servo.o
 .debug_abbrev  0x00000000000008d2       0xa7 ./Core/Src/Texto.o
 .debug_abbrev  0x0000000000000979      0x205 ./Core/Src/lcd.o
 .debug_abbrev  0x0000000000000b7e      0x306 ./Core/Src/main.o
 .debug_abbrev  0x0000000000000e84      0x1d3 ./Core/Src/stm32f1xx_hal_msp.o
 .debug_abbrev  0x0000000000001057      0x1a6 ./Core/Src/stm32f1xx_it.o
 .debug_abbrev  0x00000000000011fd       0xbc ./Core/Src/sysmem.o
 .debug_abbrev  0x00000000000012b9      0x13f ./Core/Src/system_stm32f1xx.o
 .debug_abbrev  0x00000000000013f8       0x12 ./Core/Startup/startup_stm32f103c8tx.o
 .debug_abbrev  0x000000000000140a      0x201 ./Drivers/STM32F1xx_HAL_Driver/Src/stm32f1xx_hal.o
 .debug_abbrev  0x000000000000160b      0x2f8 ./Drivers/STM32F1xx_HAL_Driver/Src/stm32f1xx_hal_cortex.o
 .debug_abbrev  0x0000000000001903      0x1ca ./Drivers/STM32F1xx_HAL_Driver/Src/stm32f1xx_hal_gpio.o
 .debug_abbrev  0x0000000000001acd      0x2b3 ./Drivers/STM32F1xx_HAL_Driver/Src/stm32f1xx_hal_rcc.o
 .debug_abbrev  0x0000000000001d80      0x277 ./Drivers/STM32F1xx_HAL_Driver/Src/stm32f1xx_hal_tim.o
 .debug_abbrev  0x0000000000001ff7      0x282 ./Drivers/STM32F1xx_HAL_Driver/Src/stm32f1xx_hal_tim_ex.o

.debug_aranges  0x0000000000000000      0xae0
 .debug_aranges
                0x0000000000000000       0x20 ./Core/Src/Base_de_Datos.o
 .debug_aranges
                0x0000000000000020       0x30 ./Core/Src/Homing.o
 .debug_aranges
                0x0000000000000050       0x20 ./Core/Src/Manejo_Interrupciones.o
 .debug_aranges
                0x0000000000000070       0x28 ./Core/Src/Matriz.o
 .debug_aranges
                0x0000000000000098       0x20 ./Core/Src/Movimiento_Motores.o
 .debug_aranges
                0x00000000000000b8       0x20 ./Core/Src/Movimiento_Servo.o
 .debug_aranges
                0x00000000000000d8       0x20 ./Core/Src/Texto.o
 .debug_aranges
                0x00000000000000f8       0x70 ./Core/Src/lcd.o
 .debug_aranges
                0x0000000000000168       0x58 ./Core/Src/main.o
 .debug_aranges
                0x00000000000001c0       0x38 ./Core/Src/stm32f1xx_hal_msp.o
 .debug_aranges
                0x00000000000001f8       0x78 ./Core/Src/stm32f1xx_it.o
 .debug_aranges
                0x0000000000000270       0x20 ./Core/Src/sysmem.o
 .debug_aranges
                0x0000000000000290       0x28 ./Core/Src/system_stm32f1xx.o
 .debug_aranges
                0x00000000000002b8       0x28 ./Core/Startup/startup_stm32f103c8tx.o
 .debug_aranges
                0x00000000000002e0       0xe0 ./Drivers/STM32F1xx_HAL_Driver/Src/stm32f1xx_hal.o
 .debug_aranges
                0x00000000000003c0      0x100 ./Drivers/STM32F1xx_HAL_Driver/Src/stm32f1xx_hal_cortex.o
 .debug_aranges
                0x00000000000004c0       0x58 ./Drivers/STM32F1xx_HAL_Driver/Src/stm32f1xx_hal_gpio.o
 .debug_aranges
                0x0000000000000518       0x90 ./Drivers/STM32F1xx_HAL_Driver/Src/stm32f1xx_hal_rcc.o
 .debug_aranges
                0x00000000000005a8      0x3d0 ./Drivers/STM32F1xx_HAL_Driver/Src/stm32f1xx_hal_tim.o
 .debug_aranges
                0x0000000000000978      0x168 ./Drivers/STM32F1xx_HAL_Driver/Src/stm32f1xx_hal_tim_ex.o

.debug_rnglists
                0x0000000000000000      0x83a
 .debug_rnglists
                0x0000000000000000       0x14 ./Core/Src/Base_de_Datos.o
 .debug_rnglists
                0x0000000000000014       0x20 ./Core/Src/Homing.o
 .debug_rnglists
                0x0000000000000034       0x14 ./Core/Src/Manejo_Interrupciones.o
 .debug_rnglists
                0x0000000000000048       0x1b ./Core/Src/Matriz.o
 .debug_rnglists
                0x0000000000000063       0x14 ./Core/Src/Movimiento_Motores.o
 .debug_rnglists
                0x0000000000000077       0x14 ./Core/Src/Movimiento_Servo.o
 .debug_rnglists
                0x000000000000008b       0x14 ./Core/Src/Texto.o
 .debug_rnglists
                0x000000000000009f       0x50 ./Core/Src/lcd.o
 .debug_rnglists
                0x00000000000000ef       0x43 ./Core/Src/main.o
 .debug_rnglists
                0x0000000000000132       0x25 ./Core/Src/stm32f1xx_hal_msp.o
 .debug_rnglists
                0x0000000000000157       0x55 ./Core/Src/stm32f1xx_it.o
 .debug_rnglists
                0x00000000000001ac       0x13 ./Core/Src/sysmem.o
 .debug_rnglists
                0x00000000000001bf       0x1a ./Core/Src/system_stm32f1xx.o
 .debug_rnglists
                0x00000000000001d9       0x19 ./Core/Startup/startup_stm32f103c8tx.o
 .debug_rnglists
                0x00000000000001f2       0xa3 ./Drivers/STM32F1xx_HAL_Driver/Src/stm32f1xx_hal.o
 .debug_rnglists
                0x0000000000000295       0xbb ./Drivers/STM32F1xx_HAL_Driver/Src/stm32f1xx_hal_cortex.o
 .debug_rnglists
                0x0000000000000350       0x3f ./Drivers/STM32F1xx_HAL_Driver/Src/stm32f1xx_hal_gpio.o
 .debug_rnglists
                0x000000000000038f       0x6c ./Drivers/STM32F1xx_HAL_Driver/Src/stm32f1xx_hal_rcc.o
 .debug_rnglists
                0x00000000000003fb      0x31a ./Drivers/STM32F1xx_HAL_Driver/Src/stm32f1xx_hal_tim.o
 .debug_rnglists
                0x0000000000000715      0x125 ./Drivers/STM32F1xx_HAL_Driver/Src/stm32f1xx_hal_tim_ex.o

.debug_macro    0x0000000000000000     0x40d2
 .debug_macro   0x0000000000000000       0x6d ./Core/Src/Base_de_Datos.o
 .debug_macro   0x000000000000006d      0xa9c ./Core/Src/Base_de_Datos.o
 .debug_macro   0x0000000000000b09       0x22 ./Core/Src/Base_de_Datos.o
 .debug_macro   0x0000000000000b2b       0x8e ./Core/Src/Base_de_Datos.o
 .debug_macro   0x0000000000000bb9       0x51 ./Core/Src/Base_de_Datos.o
 .debug_macro   0x0000000000000c0a      0x103 ./Core/Src/Base_de_Datos.o
 .debug_macro   0x0000000000000d0d       0x6a ./Core/Src/Base_de_Datos.o
 .debug_macro   0x0000000000000d77      0x1df ./Core/Src/Base_de_Datos.o
 .debug_macro   0x0000000000000f56      0x2d1 ./Core/Src/Homing.o
 .debug_macro   0x0000000000001227       0x61 ./Core/Src/Homing.o
 .debug_macro   0x0000000000001288       0x24 ./Core/Src/Homing.o
 .debug_macro   0x00000000000012ac       0x43 ./Core/Src/Homing.o
 .debug_macro   0x00000000000012ef       0x34 ./Core/Src/Homing.o
 .debug_macro   0x0000000000001323       0x16 ./Core/Src/Homing.o
 .debug_macro   0x0000000000001339       0x43 ./Core/Src/Homing.o
 .debug_macro   0x000000000000137c       0x34 ./Core/Src/Homing.o
 .debug_macro   0x00000000000013b0       0x10 ./Core/Src/Homing.o
 .debug_macro   0x00000000000013c0       0x58 ./Core/Src/Homing.o
 .debug_macro   0x0000000000001418       0x8e ./Core/Src/Homing.o
 .debug_macro   0x00000000000014a6       0x1c ./Core/Src/Homing.o
 .debug_macro   0x00000000000014c2      0x177 ./Core/Src/Homing.o
 .debug_macro   0x0000000000001639      0x369 ./Core/Src/Homing.o
 .debug_macro   0x00000000000019a2       0x10 ./Core/Src/Homing.o
 .debug_macro   0x00000000000019b2       0x35 ./Core/Src/Homing.o
 .debug_macro   0x00000000000019e7       0x20 ./Core/Src/Homing.o
 .debug_macro   0x0000000000001a07       0x1c ./Core/Src/Homing.o
 .debug_macro   0x0000000000001a23       0x10 ./Core/Src/Homing.o
 .debug_macro   0x0000000000001a33       0x1c ./Core/Src/Homing.o
 .debug_macro   0x0000000000001a4f       0x16 ./Core/Src/Homing.o
 .debug_macro   0x0000000000001a65      0x147 ./Core/Src/Homing.o
 .debug_macro   0x0000000000001bac       0xa0 ./Core/Src/Homing.o
 .debug_macro   0x0000000000001c4c      0x2ee ./Core/Src/Manejo_Interrupciones.o
 .debug_macro   0x0000000000001f3a       0x22 ./Core/Src/Manejo_Interrupciones.o
 .debug_macro   0x0000000000001f5c      0x329 ./Core/Src/Matriz.o
 .debug_macro   0x0000000000002285       0x16 ./Core/Src/Matriz.o
 .debug_macro   0x000000000000229b       0x16 ./Core/Src/Matriz.o
 .debug_macro   0x00000000000022b1       0x16 ./Core/Src/Matriz.o
 .debug_macro   0x00000000000022c7       0x16 ./Core/Src/Matriz.o
 .debug_macro   0x00000000000022dd       0x29 ./Core/Src/Matriz.o
 .debug_macro   0x0000000000002306       0x16 ./Core/Src/Matriz.o
 .debug_macro   0x000000000000231c      0x2c8 ./Core/Src/Movimiento_Motores.o
 .debug_macro   0x00000000000025e4      0x1ac ./Core/Src/Movimiento_Servo.o
 .debug_macro   0x0000000000002790       0xe2 ./Core/Src/Movimiento_Servo.o
 .debug_macro   0x0000000000002872       0x6d ./Core/Src/Texto.o
 .debug_macro   0x00000000000028df      0x2b3 ./Core/Src/lcd.o
 .debug_macro   0x0000000000002b92      0x2da ./Core/Src/main.o
 .debug_macro   0x0000000000002e6c      0x1a8 ./Core/Src/stm32f1xx_hal_msp.o
 .debug_macro   0x0000000000003014      0x1b2 ./Core/Src/stm32f1xx_it.o
 .debug_macro   0x00000000000031c6       0xff ./Core/Src/sysmem.o
 .debug_macro   0x00000000000032c5      0x23c ./Core/Src/sysmem.o
 .debug_macro   0x0000000000003501      0x199 ./Core/Src/system_stm32f1xx.o
 .debug_macro   0x000000000000369a      0x1bd ./Drivers/STM32F1xx_HAL_Driver/Src/stm32f1xx_hal.o
 .debug_macro   0x0000000000003857      0x199 ./Drivers/STM32F1xx_HAL_Driver/Src/stm32f1xx_hal_cortex.o
 .debug_macro   0x00000000000039f0      0x204 ./Drivers/STM32F1xx_HAL_Driver/Src/stm32f1xx_hal_gpio.o
 .debug_macro   0x0000000000003bf4      0x1ab ./Drivers/STM32F1xx_HAL_Driver/Src/stm32f1xx_hal_rcc.o
 .debug_macro   0x0000000000003d9f      0x19a ./Drivers/STM32F1xx_HAL_Driver/Src/stm32f1xx_hal_tim.o
 .debug_macro   0x0000000000003f39      0x199 ./Drivers/STM32F1xx_HAL_Driver/Src/stm32f1xx_hal_tim_ex.o

.debug_line     0x0000000000000000     0xefe8
 .debug_line    0x0000000000000000      0xbbf ./Core/Src/Base_de_Datos.o
 .debug_line    0x0000000000000bbf      0x9cd ./Core/Src/Homing.o
 .debug_line    0x000000000000158c      0xb19 ./Core/Src/Manejo_Interrupciones.o
 .debug_line    0x00000000000020a5      0xb32 ./Core/Src/Matriz.o
 .debug_line    0x0000000000002bd7      0x93e ./Core/Src/Movimiento_Motores.o
 .debug_line    0x0000000000003515      0x729 ./Core/Src/Movimiento_Servo.o
 .debug_line    0x0000000000003c3e      0x5fb ./Core/Src/Texto.o
 .debug_line    0x0000000000004239      0xa4e ./Core/Src/lcd.o
 .debug_line    0x0000000000004c87      0xc27 ./Core/Src/main.o
 .debug_line    0x00000000000058ae      0x774 ./Core/Src/stm32f1xx_hal_msp.o
 .debug_line    0x0000000000006022      0x7fb ./Core/Src/stm32f1xx_it.o
 .debug_line    0x000000000000681d      0x583 ./Core/Src/sysmem.o
 .debug_line    0x0000000000006da0      0x76b ./Core/Src/system_stm32f1xx.o
 .debug_line    0x000000000000750b       0x78 ./Core/Startup/startup_stm32f103c8tx.o
 .debug_line    0x0000000000007583      0x998 ./Drivers/STM32F1xx_HAL_Driver/Src/stm32f1xx_hal.o
 .debug_line    0x0000000000007f1b      0xb80 ./Drivers/STM32F1xx_HAL_Driver/Src/stm32f1xx_hal_cortex.o
 .debug_line    0x0000000000008a9b      0xa31 ./Drivers/STM32F1xx_HAL_Driver/Src/stm32f1xx_hal_gpio.o
 .debug_line    0x00000000000094cc      0xda1 ./Drivers/STM32F1xx_HAL_Driver/Src/stm32f1xx_hal_rcc.o
 .debug_line    0x000000000000a26d     0x3484 ./Drivers/STM32F1xx_HAL_Driver/Src/stm32f1xx_hal_tim.o
 .debug_line    0x000000000000d6f1     0x18f7 ./Drivers/STM32F1xx_HAL_Driver/Src/stm32f1xx_hal_tim_ex.o

.debug_str      0x0000000000000000    0x88879
 .debug_str     0x0000000000000000     0x3b78 ./Core/Src/Base_de_Datos.o
                                       0x3cd8 (size before relaxing)
 .debug_str     0x0000000000003b78    0x81bf5 ./Core/Src/Homing.o
                                      0x85b4e (size before relaxing)
 .debug_str     0x000000000008576d      0x156 ./Core/Src/Manejo_Interrupciones.o
                                      0x858a4 (size before relaxing)
 .debug_str     0x00000000000858c3      0x1ee ./Core/Src/Matriz.o
                                      0x859fb (size before relaxing)
 .debug_str     0x0000000000085ab1       0x38 ./Core/Src/Movimiento_Motores.o
                                      0x855f1 (size before relaxing)
 .debug_str     0x0000000000085ae9       0x5f ./Core/Src/Movimiento_Servo.o
                                      0x81ddd (size before relaxing)
 .debug_str     0x0000000000085b48       0x20 ./Core/Src/Texto.o
                                       0x3cde (size before relaxing)
 .debug_str     0x0000000000085b68       0x96 ./Core/Src/lcd.o
                                      0x85819 (size before relaxing)
 .debug_str     0x0000000000085bfe      0x8fc ./Core/Src/main.o
                                      0x864f9 (size before relaxing)
 .debug_str     0x00000000000864fa       0x9a ./Core/Src/stm32f1xx_hal_msp.o
                                      0x82613 (size before relaxing)
 .debug_str     0x0000000000086594      0x12d ./Core/Src/stm32f1xx_it.o
                                      0x822eb (size before relaxing)
 .debug_str     0x00000000000866c1      0x4dc ./Core/Src/sysmem.o
                                       0x6017 (size before relaxing)
 .debug_str     0x0000000000086b9d       0x7e ./Core/Src/system_stm32f1xx.o
                                      0x819d6 (size before relaxing)
 .debug_str     0x0000000000086c1b       0x34 ./Core/Startup/startup_stm32f103c8tx.o
                                         0x81 (size before relaxing)
 .debug_str     0x0000000000086c4f      0x378 ./Drivers/STM32F1xx_HAL_Driver/Src/stm32f1xx_hal.o
                                      0x82109 (size before relaxing)
 .debug_str     0x0000000000086fc7      0x225 ./Drivers/STM32F1xx_HAL_Driver/Src/stm32f1xx_hal_cortex.o
                                      0x82055 (size before relaxing)
 .debug_str     0x00000000000871ec      0x299 ./Drivers/STM32F1xx_HAL_Driver/Src/stm32f1xx_hal_gpio.o
                                      0x81d5c (size before relaxing)
 .debug_str     0x0000000000087485      0x229 ./Drivers/STM32F1xx_HAL_Driver/Src/stm32f1xx_hal_rcc.o
                                      0x81e05 (size before relaxing)
 .debug_str     0x00000000000876ae      0xd38 ./Drivers/STM32F1xx_HAL_Driver/Src/stm32f1xx_hal_tim.o
                                      0x82df7 (size before relaxing)
 .debug_str     0x00000000000883e6      0x493 ./Drivers/STM32F1xx_HAL_Driver/Src/stm32f1xx_hal_tim_ex.o
                                      0x82613 (size before relaxing)

.debug_frame    0x0000000000000000     0x2fbc
 .debug_frame   0x0000000000000000       0x38 ./Core/Src/Base_de_Datos.o
 .debug_frame   0x0000000000000038       0x88 ./Core/Src/Homing.o
 .debug_frame   0x00000000000000c0       0x3c ./Core/Src/Manejo_Interrupciones.o
 .debug_frame   0x00000000000000fc       0x74 ./Core/Src/Matriz.o
 .debug_frame   0x0000000000000170       0x34 ./Core/Src/Movimiento_Motores.o
 .debug_frame   0x00000000000001a4       0x2c ./Core/Src/Movimiento_Servo.o
 .debug_frame   0x00000000000001d0       0x38 ./Core/Src/Texto.o
 .debug_frame   0x0000000000000208      0x1a4 ./Core/Src/lcd.o
 .debug_frame   0x00000000000003ac      0x128 ./Core/Src/main.o
 .debug_frame   0x00000000000004d4       0xa4 ./Core/Src/stm32f1xx_hal_msp.o
 .debug_frame   0x0000000000000578      0x158 ./Core/Src/stm32f1xx_it.o
 .debug_frame   0x00000000000006d0       0x34 ./Core/Src/sysmem.o
 .debug_frame   0x0000000000000704       0x58 ./Core/Src/system_stm32f1xx.o
 .debug_frame   0x000000000000075c      0x334 ./Drivers/STM32F1xx_HAL_Driver/Src/stm32f1xx_hal.o
 .debug_frame   0x0000000000000a90      0x428 ./Drivers/STM32F1xx_HAL_Driver/Src/stm32f1xx_hal_cortex.o
 .debug_frame   0x0000000000000eb8      0x14c ./Drivers/STM32F1xx_HAL_Driver/Src/stm32f1xx_hal_gpio.o
 .debug_frame   0x0000000000001004      0x218 ./Drivers/STM32F1xx_HAL_Driver/Src/stm32f1xx_hal_rcc.o
 .debug_frame   0x000000000000121c     0x11bc ./Drivers/STM32F1xx_HAL_Driver/Src/stm32f1xx_hal_tim.o
 .debug_frame   0x00000000000023d8      0x638 ./Drivers/STM32F1xx_HAL_Driver/Src/stm32f1xx_hal_tim_ex.o
 .debug_frame   0x0000000000002a10      0x144 C:/ST/STM32CubeIDE_1.14.1/STM32CubeIDE/plugins/com.st.stm32cube.ide.mcu.externaltools.gnu-tools-for-stm32.11.3.rel1.win32_1.1.100.202309141235/tools/bin/../lib/gcc/arm-none-eabi/11.3.1/../../../../arm-none-eabi/lib/thumb/v7-m/nofp\libc_nano.a(libc_a-findfp.o)
 .debug_frame   0x0000000000002b54       0x6c C:/ST/STM32CubeIDE_1.14.1/STM32CubeIDE/plugins/com.st.stm32cube.ide.mcu.externaltools.gnu-tools-for-stm32.11.3.rel1.win32_1.1.100.202309141235/tools/bin/../lib/gcc/arm-none-eabi/11.3.1/../../../../arm-none-eabi/lib/thumb/v7-m/nofp\libc_nano.a(libc_a-sprintf.o)
 .debug_frame   0x0000000000002bc0       0x20 C:/ST/STM32CubeIDE_1.14.1/STM32CubeIDE/plugins/com.st.stm32cube.ide.mcu.externaltools.gnu-tools-for-stm32.11.3.rel1.win32_1.1.100.202309141235/tools/bin/../lib/gcc/arm-none-eabi/11.3.1/../../../../arm-none-eabi/lib/thumb/v7-m/nofp\libc_nano.a(libc_a-memset.o)
 .debug_frame   0x0000000000002be0       0x38 C:/ST/STM32CubeIDE_1.14.1/STM32CubeIDE/plugins/com.st.stm32cube.ide.mcu.externaltools.gnu-tools-for-stm32.11.3.rel1.win32_1.1.100.202309141235/tools/bin/../lib/gcc/arm-none-eabi/11.3.1/../../../../arm-none-eabi/lib/thumb/v7-m/nofp\libc_nano.a(libc_a-reent.o)
 .debug_frame   0x0000000000002c18       0x20 C:/ST/STM32CubeIDE_1.14.1/STM32CubeIDE/plugins/com.st.stm32cube.ide.mcu.externaltools.gnu-tools-for-stm32.11.3.rel1.win32_1.1.100.202309141235/tools/bin/../lib/gcc/arm-none-eabi/11.3.1/../../../../arm-none-eabi/lib/thumb/v7-m/nofp\libc_nano.a(libc_a-errno.o)
 .debug_frame   0x0000000000002c38       0x2c C:/ST/STM32CubeIDE_1.14.1/STM32CubeIDE/plugins/com.st.stm32cube.ide.mcu.externaltools.gnu-tools-for-stm32.11.3.rel1.win32_1.1.100.202309141235/tools/bin/../lib/gcc/arm-none-eabi/11.3.1/../../../../arm-none-eabi/lib/thumb/v7-m/nofp\libc_nano.a(libc_a-init.o)
 .debug_frame   0x0000000000002c64       0xb0 C:/ST/STM32CubeIDE_1.14.1/STM32CubeIDE/plugins/com.st.stm32cube.ide.mcu.externaltools.gnu-tools-for-stm32.11.3.rel1.win32_1.1.100.202309141235/tools/bin/../lib/gcc/arm-none-eabi/11.3.1/../../../../arm-none-eabi/lib/thumb/v7-m/nofp\libc_nano.a(libc_a-lock.o)
 .debug_frame   0x0000000000002d14       0x38 C:/ST/STM32CubeIDE_1.14.1/STM32CubeIDE/plugins/com.st.stm32cube.ide.mcu.externaltools.gnu-tools-for-stm32.11.3.rel1.win32_1.1.100.202309141235/tools/bin/../lib/gcc/arm-none-eabi/11.3.1/../../../../arm-none-eabi/lib/thumb/v7-m/nofp\libc_nano.a(libc_a-freer.o)
 .debug_frame   0x0000000000002d4c       0x50 C:/ST/STM32CubeIDE_1.14.1/STM32CubeIDE/plugins/com.st.stm32cube.ide.mcu.externaltools.gnu-tools-for-stm32.11.3.rel1.win32_1.1.100.202309141235/tools/bin/../lib/gcc/arm-none-eabi/11.3.1/../../../../arm-none-eabi/lib/thumb/v7-m/nofp\libc_nano.a(libc_a-mallocr.o)
 .debug_frame   0x0000000000002d9c       0x30 C:/ST/STM32CubeIDE_1.14.1/STM32CubeIDE/plugins/com.st.stm32cube.ide.mcu.externaltools.gnu-tools-for-stm32.11.3.rel1.win32_1.1.100.202309141235/tools/bin/../lib/gcc/arm-none-eabi/11.3.1/../../../../arm-none-eabi/lib/thumb/v7-m/nofp\libc_nano.a(libc_a-mlock.o)
 .debug_frame   0x0000000000002dcc       0x90 C:/ST/STM32CubeIDE_1.14.1/STM32CubeIDE/plugins/com.st.stm32cube.ide.mcu.externaltools.gnu-tools-for-stm32.11.3.rel1.win32_1.1.100.202309141235/tools/bin/../lib/gcc/arm-none-eabi/11.3.1/../../../../arm-none-eabi/lib/thumb/v7-m/nofp\libc_nano.a(libc_a-nano-svfprintf.o)
 .debug_frame   0x0000000000002e5c       0x60 C:/ST/STM32CubeIDE_1.14.1/STM32CubeIDE/plugins/com.st.stm32cube.ide.mcu.externaltools.gnu-tools-for-stm32.11.3.rel1.win32_1.1.100.202309141235/tools/bin/../lib/gcc/arm-none-eabi/11.3.1/../../../../arm-none-eabi/lib/thumb/v7-m/nofp\libc_nano.a(libc_a-nano-vfprintf_i.o)
 .debug_frame   0x0000000000002ebc       0x28 C:/ST/STM32CubeIDE_1.14.1/STM32CubeIDE/plugins/com.st.stm32cube.ide.mcu.externaltools.gnu-tools-for-stm32.11.3.rel1.win32_1.1.100.202309141235/tools/bin/../lib/gcc/arm-none-eabi/11.3.1/../../../../arm-none-eabi/lib/thumb/v7-m/nofp\libc_nano.a(libc_a-memmove.o)
 .debug_frame   0x0000000000002ee4       0x2c C:/ST/STM32CubeIDE_1.14.1/STM32CubeIDE/plugins/com.st.stm32cube.ide.mcu.externaltools.gnu-tools-for-stm32.11.3.rel1.win32_1.1.100.202309141235/tools/bin/../lib/gcc/arm-none-eabi/11.3.1/../../../../arm-none-eabi/lib/thumb/v7-m/nofp\libc_nano.a(libc_a-sbrkr.o)
 .debug_frame   0x0000000000002f10       0x28 C:/ST/STM32CubeIDE_1.14.1/STM32CubeIDE/plugins/com.st.stm32cube.ide.mcu.externaltools.gnu-tools-for-stm32.11.3.rel1.win32_1.1.100.202309141235/tools/bin/../lib/gcc/arm-none-eabi/11.3.1/../../../../arm-none-eabi/lib/thumb/v7-m/nofp\libc_nano.a(libc_a-memchr-stub.o)
 .debug_frame   0x0000000000002f38       0x28 C:/ST/STM32CubeIDE_1.14.1/STM32CubeIDE/plugins/com.st.stm32cube.ide.mcu.externaltools.gnu-tools-for-stm32.11.3.rel1.win32_1.1.100.202309141235/tools/bin/../lib/gcc/arm-none-eabi/11.3.1/../../../../arm-none-eabi/lib/thumb/v7-m/nofp\libc_nano.a(libc_a-memcpy-stub.o)
 .debug_frame   0x0000000000002f60       0x3c C:/ST/STM32CubeIDE_1.14.1/STM32CubeIDE/plugins/com.st.stm32cube.ide.mcu.externaltools.gnu-tools-for-stm32.11.3.rel1.win32_1.1.100.202309141235/tools/bin/../lib/gcc/arm-none-eabi/11.3.1/../../../../arm-none-eabi/lib/thumb/v7-m/nofp\libc_nano.a(libc_a-reallocr.o)
 .debug_frame   0x0000000000002f9c       0x20 C:/ST/STM32CubeIDE_1.14.1/STM32CubeIDE/plugins/com.st.stm32cube.ide.mcu.externaltools.gnu-tools-for-stm32.11.3.rel1.win32_1.1.100.202309141235/tools/bin/../lib/gcc/arm-none-eabi/11.3.1/../../../../arm-none-eabi/lib/thumb/v7-m/nofp\libc_nano.a(libc_a-msizer.o)

.debug_line_str
                0x0000000000000000       0x75
 .debug_line_str
                0x0000000000000000       0x75 ./Core/Startup/startup_stm32f103c8tx.o
                                         0x8d (size before relaxing)
