21:46:11 **** Incremental Build of configuration Debug for project Proyecto_Final_Braille ****
make -j8 all 
arm-none-eabi-gcc "../Core/Src/Manejo_Interrupciones.c" -mcpu=cortex-m3 -std=gnu11 -g3 -DDEBUG -DUSE_HAL_DRIVER -DSTM32F103xB -c -I../Core/Inc -I../Drivers/STM32F1xx_HAL_Driver/Inc/Legacy -I../Drivers/STM32F1xx_HAL_Driver/Inc -I../Drivers/CMSIS/Device/ST/STM32F1xx/Include -I../Drivers/CMSIS/Include -O0 -ffunction-sections -fdata-sections -Wall -fstack-usage -fcyclomatic-complexity -MMD -MP -MF"Core/Src/Manejo_Interrupciones.d" -MT"Core/Src/Manejo_Interrupciones.o" --specs=nano.specs -mfloat-abi=soft -mthumb -o "Core/Src/Manejo_Interrupciones.o"
arm-none-eabi-gcc "../Core/Src/Matriz.c" -mcpu=cortex-m3 -std=gnu11 -g3 -DDEBUG -DUSE_HAL_DRIVER -DSTM32F103xB -c -I../Core/Inc -I../Drivers/STM32F1xx_HAL_Driver/Inc/Legacy -I../Drivers/STM32F1xx_HAL_Driver/Inc -I../Drivers/CMSIS/Device/ST/STM32F1xx/Include -I../Drivers/CMSIS/Include -O0 -ffunction-sections -fdata-sections -Wall -fstack-usage -fcyclomatic-complexity -MMD -MP -MF"Core/Src/Matriz.d" -MT"Core/Src/Matriz.o" --specs=nano.specs -mfloat-abi=soft -mthumb -o "Core/Src/Matriz.o"
arm-none-eabi-gcc -o "Proyecto_Final_Braille.elf" @"objects.list"   -mcpu=cortex-m3 -T"C:\Users\tobip\Documents\Proyecto_Final_Braille\Proyecto_Final_Braille\STM32F103C8TX_FLASH.ld" --specs=nosys.specs -Wl,-Map="Proyecto_Final_Braille.map" -Wl,--gc-sections -static --specs=nano.specs -mfloat-abi=soft -mthumb -Wl,--start-group -lc -lm -Wl,--end-group
Finished building target: Proyecto_Final_Braille.elf
 
arm-none-eabi-size  Proyecto_Final_Braille.elf 
arm-none-eabi-objdump -h -S Proyecto_Final_Braille.elf  > "Proyecto_Final_Braille.list"
arm-none-eabi-objcopy  -O binary Proyecto_Final_Braille.elf  "Proyecto_Final_Braille.bin"
   text	   data	    bss	    dec	    hex	filename
  23116	    132	   2084	  25332	   62f4	Proyecto_Final_Braille.elf
Finished building: default.size.stdout
 
Finished building: Proyecto_Final_Braille.bin
 
Finished building: Proyecto_Final_Braille.list
 

21:46:11 Build Finished. 0 errors, 0 warnings. (took 810ms)

